[2020-11-13 18:32:47,366: INFO/ForkPoolWorker-1] Task core.tasks.every_30_sec[86229d4c-3d02-42cf-a096-41fecedddecf] succeeded in 0.0023717999997643346s: 69
[2020-11-13 18:32:47,367: INFO/ForkPoolWorker-3] Task core.tasks.every_10_sec[a3f2851c-f56f-40eb-a973-1c449f480ad8] succeeded in 0.0028782999997929437s: 77
[2020-11-13 18:32:47,367: INFO/ForkPoolWorker-2] Task core.tasks.every_10_sec[f8188d8f-fade-4d64-85a4-0b724c413be2] succeeded in 0.002574200000253768s: 74
[2020-11-13 18:32:47,367: INFO/ForkPoolWorker-4] Task core.tasks.every_10_sec[6c7a7a32-75c2-47d4-be04-9f51ca92d7f0] succeeded in 0.002476800000295043s: 74
[2020-11-13 18:32:47,369: INFO/MainProcess] Received task: core.tasks.every_30_sec[fbbc7d2d-1771-4eed-8be7-779d097d7788]  
[2020-11-13 18:32:47,370: INFO/ForkPoolWorker-1] core.tasks.every_30_sec[4cf2cc08-8b2b-4a20-8696-3fd22db1f363]: Run every 30sec methods
[2020-11-13 18:32:47,371: INFO/ForkPoolWorker-3] core.tasks.every_10_sec[e8b660b9-7750-4997-b31f-a20b67a84108]: Run every 10sec methods
[2020-11-13 18:32:47,371: INFO/MainProcess] Received task: core.tasks.every_10_sec[010df633-db9a-43a1-a1d8-240defa80fc3]  
[2020-11-13 18:32:47,371: INFO/ForkPoolWorker-2] core.tasks.every_10_sec[8d3bde28-f954-4354-9bc1-7e51c9e85851]: Run every 10sec methods
[2020-11-13 18:32:47,371: INFO/ForkPoolWorker-1] core.tasks.every_30_sec[4cf2cc08-8b2b-4a20-8696-3fd22db1f363]: result: 90
[2020-11-13 18:32:47,372: INFO/ForkPoolWorker-3] core.tasks.every_10_sec[e8b660b9-7750-4997-b31f-a20b67a84108]: result: 34
[2020-11-13 18:32:47,372: INFO/ForkPoolWorker-2] core.tasks.every_10_sec[8d3bde28-f954-4354-9bc1-7e51c9e85851]: result: 44
[2020-11-13 18:32:47,372: INFO/ForkPoolWorker-1] Task core.tasks.every_30_sec[4cf2cc08-8b2b-4a20-8696-3fd22db1f363] succeeded in 0.0019754999998440326s: 90
[2020-11-13 18:32:47,372: INFO/ForkPoolWorker-3] Task core.tasks.every_10_sec[e8b660b9-7750-4997-b31f-a20b67a84108] succeeded in 0.0020193999998809886s: 34
[2020-11-13 18:32:47,373: INFO/ForkPoolWorker-2] Task core.tasks.every_10_sec[8d3bde28-f954-4354-9bc1-7e51c9e85851] succeeded in 0.002246000000013737s: 44
[2020-11-13 18:32:47,373: INFO/MainProcess] Received task: core.tasks.every_10_sec[f1217b6c-b9ba-4e1f-bb22-bbf9c96b680e]  
[2020-11-13 18:32:47,375: INFO/MainProcess] Received task: core.tasks.every_10_sec[affc1cbb-ba3f-4832-b4cc-acabf3cb6f7a]  
[2020-11-13 18:32:47,377: INFO/ForkPoolWorker-3] core.tasks.every_30_sec[34c69651-b41d-4075-be89-f0c75ac8d669]: Run every 30sec methods
[2020-11-13 18:32:47,377: INFO/ForkPoolWorker-1] core.tasks.every_10_sec[a8676c19-0b93-46a8-b74d-eae7c98f8782]: Run every 10sec methods
[2020-11-13 18:32:47,378: INFO/MainProcess] Received task: core.tasks.every_30_sec[4a207726-9de7-4480-95ae-0d2da79a5a82]  
[2020-11-13 18:32:47,377: INFO/ForkPoolWorker-2] core.tasks.every_10_sec[26d64585-1ee2-4eac-a178-f75774ddc59b]: Run every 10sec methods
[2020-11-13 18:32:47,377: INFO/ForkPoolWorker-4] core.tasks.every_10_sec[dd048deb-7a48-4703-972e-eb15214be770]: Run every 10sec methods
[2020-11-13 18:32:47,378: INFO/ForkPoolWorker-3] core.tasks.every_30_sec[34c69651-b41d-4075-be89-f0c75ac8d669]: result: 162
[2020-11-13 18:32:47,378: INFO/ForkPoolWorker-1] core.tasks.every_10_sec[a8676c19-0b93-46a8-b74d-eae7c98f8782]: result: 29
[2020-11-13 18:32:47,378: INFO/ForkPoolWorker-2] core.tasks.every_10_sec[26d64585-1ee2-4eac-a178-f75774ddc59b]: result: 110
[2020-11-13 18:32:47,379: INFO/ForkPoolWorker-3] Task core.tasks.every_30_sec[34c69651-b41d-4075-be89-f0c75ac8d669] succeeded in 0.0024906999997256207s: 162
[2020-11-13 18:32:47,379: INFO/ForkPoolWorker-4] core.tasks.every_10_sec[dd048deb-7a48-4703-972e-eb15214be770]: result: 67
[2020-11-13 18:32:47,379: INFO/ForkPoolWorker-1] Task core.tasks.every_10_sec[a8676c19-0b93-46a8-b74d-eae7c98f8782] succeeded in 0.0028267999996387516s: 29
[2020-11-13 18:32:47,380: INFO/ForkPoolWorker-2] Task core.tasks.every_10_sec[26d64585-1ee2-4eac-a178-f75774ddc59b] succeeded in 0.0030291000002762303s: 110
[2020-11-13 18:32:47,380: INFO/ForkPoolWorker-4] Task core.tasks.every_10_sec[dd048deb-7a48-4703-972e-eb15214be770] succeeded in 0.0029454999998961284s: 67
[2020-11-13 18:32:47,381: INFO/MainProcess] Received task: core.tasks.every_10_sec[cbc54bc3-d707-4804-9de7-44e5ea322501]  
[2020-11-13 18:32:47,382: INFO/MainProcess] Received task: core.tasks.every_10_sec[bb14707c-f18f-4360-b348-5a6a64d2457e]  
[2020-11-13 18:32:47,384: INFO/MainProcess] Received task: core.tasks.every_10_sec[f86d075a-de13-49a1-9608-f346df379d5d]  
[2020-11-13 18:32:47,385: INFO/MainProcess] Received task: core.tasks.every_30_sec[3b2654e5-26ba-4993-a9fe-db8c51717ab8]  
[2020-11-13 18:32:47,386: INFO/ForkPoolWorker-1] core.tasks.every_10_sec[b73b2d15-1706-409c-8e28-e6684175dbf7]: Run every 10sec methods
[2020-11-13 18:32:47,386: INFO/ForkPoolWorker-3] core.tasks.every_30_sec[0656474d-348a-422c-ae7a-eebaa979cf03]: Run every 30sec methods
[2020-11-13 18:32:47,386: INFO/MainProcess] Received task: core.tasks.every_10_sec[7d230a31-fa14-44a6-9b01-39effe0ee0cf]  
[2020-11-13 18:32:47,387: INFO/ForkPoolWorker-1] core.tasks.every_10_sec[b73b2d15-1706-409c-8e28-e6684175dbf7]: result: 104
[2020-11-13 18:32:47,386: INFO/ForkPoolWorker-2] core.tasks.every_10_sec[d24d1b13-d4f2-4848-8649-a5913e908379]: Run every 10sec methods
[2020-11-13 18:32:47,387: INFO/ForkPoolWorker-4] core.tasks.every_10_sec[561b5540-e54f-4aa9-89cc-bda509eb727d]: Run every 10sec methods
[2020-11-13 18:32:47,388: INFO/ForkPoolWorker-1] Task core.tasks.every_10_sec[b73b2d15-1706-409c-8e28-e6684175dbf7] succeeded in 0.0019966999998359825s: 104
[2020-11-13 18:32:47,387: INFO/ForkPoolWorker-3] core.tasks.every_30_sec[0656474d-348a-422c-ae7a-eebaa979cf03]: result: 111
[2020-11-13 18:32:47,388: INFO/MainProcess] Received task: core.tasks.every_10_sec[67d6c3b0-0a5d-4e80-849f-a9407ab45e88]  
[2020-11-13 18:32:47,388: INFO/ForkPoolWorker-4] core.tasks.every_10_sec[561b5540-e54f-4aa9-89cc-bda509eb727d]: result: 124
[2020-11-13 18:32:47,389: INFO/ForkPoolWorker-3] Task core.tasks.every_30_sec[0656474d-348a-422c-ae7a-eebaa979cf03] succeeded in 0.0029770999999527703s: 111
[2020-11-13 18:32:47,388: INFO/ForkPoolWorker-2] core.tasks.every_10_sec[d24d1b13-d4f2-4848-8649-a5913e908379]: result: 129
[2020-11-13 18:32:47,391: INFO/MainProcess] Received task: core.tasks.every_10_sec[09d586c7-1291-4fab-b22e-dbab1e58d85a]  
[2020-11-13 18:32:47,392: INFO/ForkPoolWorker-4] Task core.tasks.every_10_sec[561b5540-e54f-4aa9-89cc-bda509eb727d] succeeded in 0.00494669999989128s: 124
[2020-11-13 18:32:47,392: INFO/ForkPoolWorker-2] Task core.tasks.every_10_sec[d24d1b13-d4f2-4848-8649-a5913e908379] succeeded in 0.005933099999765545s: 129
[2020-11-13 18:32:47,393: INFO/ForkPoolWorker-1] core.tasks.every_10_sec[8c5d6234-e14a-4531-996e-01912c4e6ce7]: Run every 10sec methods
[2020-11-13 18:32:47,393: INFO/MainProcess] Received task: core.tasks.every_30_sec[5de2ab30-5d5a-4d00-b2ff-c2d11fc31621]  
[2020-11-13 18:32:47,393: INFO/ForkPoolWorker-1] core.tasks.every_10_sec[8c5d6234-e14a-4531-996e-01912c4e6ce7]: result: 55
[2020-11-13 18:32:47,393: INFO/ForkPoolWorker-3] core.tasks.every_30_sec[fbbc7d2d-1771-4eed-8be7-779d097d7788]: Run every 30sec methods
[2020-11-13 18:32:47,394: INFO/ForkPoolWorker-1] Task core.tasks.every_10_sec[8c5d6234-e14a-4531-996e-01912c4e6ce7] succeeded in 0.0015472000000045227s: 55
[2020-11-13 18:32:47,394: INFO/ForkPoolWorker-3] core.tasks.every_30_sec[fbbc7d2d-1771-4eed-8be7-779d097d7788]: result: 70
[2020-11-13 18:32:47,394: INFO/MainProcess] Received task: core.tasks.every_10_sec[e38eda98-4c9a-47e6-b3b8-2132aa7c822b]  
[2020-11-13 18:32:47,395: INFO/ForkPoolWorker-3] Task core.tasks.every_30_sec[fbbc7d2d-1771-4eed-8be7-779d097d7788] succeeded in 0.0015683999999964726s: 70
[2020-11-13 18:32:47,396: INFO/MainProcess] Received task: core.tasks.every_10_sec[68b0549d-6d3e-47f8-b1a3-bc48ace30c2e]  
[2020-11-13 18:32:47,397: INFO/MainProcess] Received task: core.tasks.every_10_sec[33d8f4f5-9e15-4861-b148-38705ffe5c26]  
[2020-11-13 18:32:47,398: INFO/MainProcess] Received task: core.tasks.every_30_sec[88de9514-0746-4edf-bde1-a3778b33ef9f]  
[2020-11-13 18:32:47,400: INFO/ForkPoolWorker-3] core.tasks.every_10_sec[f1217b6c-b9ba-4e1f-bb22-bbf9c96b680e]: Run every 10sec methods
[2020-11-13 18:32:47,400: INFO/ForkPoolWorker-1] core.tasks.every_10_sec[010df633-db9a-43a1-a1d8-240defa80fc3]: Run every 10sec methods
[2020-11-13 18:32:47,400: INFO/ForkPoolWorker-2] core.tasks.every_10_sec[affc1cbb-ba3f-4832-b4cc-acabf3cb6f7a]: Run every 10sec methods
[2020-11-13 18:32:47,400: INFO/ForkPoolWorker-4] core.tasks.every_30_sec[4a207726-9de7-4480-95ae-0d2da79a5a82]: Run every 30sec methods
[2020-11-13 18:32:47,400: INFO/ForkPoolWorker-3] core.tasks.every_10_sec[f1217b6c-b9ba-4e1f-bb22-bbf9c96b680e]: result: 150
[2020-11-13 18:32:47,401: INFO/ForkPoolWorker-1] core.tasks.every_10_sec[010df633-db9a-43a1-a1d8-240defa80fc3]: result: 48
[2020-11-13 18:32:47,401: INFO/ForkPoolWorker-2] core.tasks.every_10_sec[affc1cbb-ba3f-4832-b4cc-acabf3cb6f7a]: result: 84
[2020-11-13 18:32:47,402: INFO/ForkPoolWorker-3] Task core.tasks.every_10_sec[f1217b6c-b9ba-4e1f-bb22-bbf9c96b680e] succeeded in 0.0022279000004346017s: 150
[2020-11-13 18:32:47,401: INFO/ForkPoolWorker-4] core.tasks.every_30_sec[4a207726-9de7-4480-95ae-0d2da79a5a82]: result: 75
[2020-11-13 18:32:47,402: INFO/ForkPoolWorker-1] Task core.tasks.every_10_sec[010df633-db9a-43a1-a1d8-240defa80fc3] succeeded in 0.002521500000057131s: 48
[2020-11-13 18:32:47,402: INFO/ForkPoolWorker-2] Task core.tasks.every_10_sec[affc1cbb-ba3f-4832-b4cc-acabf3cb6f7a] succeeded in 0.0028757000000041444s: 84
[2020-11-13 18:32:47,403: INFO/ForkPoolWorker-4] Task core.tasks.every_30_sec[4a207726-9de7-4480-95ae-0d2da79a5a82] succeeded in 0.00300199999992401s: 75
[2020-11-13 18:32:47,404: INFO/MainProcess] Received task: core.tasks.every_10_sec[75e629b6-8732-4dde-9aa0-e04bbdc1e5a3]  
[2020-11-13 18:32:47,405: INFO/ForkPoolWorker-1] core.tasks.every_10_sec[cbc54bc3-d707-4804-9de7-44e5ea322501]: Run every 10sec methods
[2020-11-13 18:32:47,405: INFO/MainProcess] Received task: core.tasks.every_10_sec[424dc010-7274-4527-8cf2-db8cb9b10472]  
[2020-11-13 18:32:47,405: INFO/ForkPoolWorker-3] core.tasks.every_10_sec[bb14707c-f18f-4360-b348-5a6a64d2457e]: Run every 10sec methods
[2020-11-13 18:32:47,406: INFO/ForkPoolWorker-1] core.tasks.every_10_sec[cbc54bc3-d707-4804-9de7-44e5ea322501]: result: 153
[2020-11-13 18:32:47,406: INFO/ForkPoolWorker-3] core.tasks.every_10_sec[bb14707c-f18f-4360-b348-5a6a64d2457e]: result: 64
[2020-11-13 18:32:47,407: INFO/ForkPoolWorker-1] Task core.tasks.every_10_sec[cbc54bc3-d707-4804-9de7-44e5ea322501] succeeded in 0.0016149999996741826s: 153
[2020-11-13 18:32:47,407: INFO/ForkPoolWorker-3] Task core.tasks.every_10_sec[bb14707c-f18f-4360-b348-5a6a64d2457e] succeeded in 0.0017364999998790154s: 64
[2020-11-13 18:32:47,407: INFO/MainProcess] Received task: core.tasks.every_10_sec[eda622ff-607f-427d-a487-1388ba19665f]  
[2020-11-13 18:32:47,409: INFO/MainProcess] Received task: core.tasks.every_30_sec[651503e4-65af-4406-9027-ea732aabd1f2]  
[2020-11-13 18:32:47,410: INFO/ForkPoolWorker-3] core.tasks.every_30_sec[3b2654e5-26ba-4993-a9fe-db8c51717ab8]: Run every 30sec methods
[2020-11-13 18:32:47,411: INFO/ForkPoolWorker-2] core.tasks.every_10_sec[7d230a31-fa14-44a6-9b01-39effe0ee0cf]: Run every 10sec methods
[2020-11-13 18:32:47,411: INFO/ForkPoolWorker-4] core.tasks.every_10_sec[67d6c3b0-0a5d-4e80-849f-a9407ab45e88]: Run every 10sec methods
[2020-11-13 18:32:47,412: INFO/ForkPoolWorker-2] core.tasks.every_10_sec[7d230a31-fa14-44a6-9b01-39effe0ee0cf]: result: 109
[2020-11-13 18:32:47,410: INFO/ForkPoolWorker-1] core.tasks.every_10_sec[f86d075a-de13-49a1-9608-f346df379d5d]: Run every 10sec methods
[2020-11-13 18:32:47,411: INFO/ForkPoolWorker-3] core.tasks.every_30_sec[3b2654e5-26ba-4993-a9fe-db8c51717ab8]: result: 77
[2020-11-13 18:32:47,412: INFO/ForkPoolWorker-2] Task core.tasks.every_10_sec[7d230a31-fa14-44a6-9b01-39effe0ee0cf] succeeded in 0.0017821000001276843s: 109
[2020-11-13 18:32:47,412: INFO/ForkPoolWorker-4] core.tasks.every_10_sec[67d6c3b0-0a5d-4e80-849f-a9407ab45e88]: result: 139
[2020-11-13 18:32:47,412: INFO/ForkPoolWorker-1] core.tasks.every_10_sec[f86d075a-de13-49a1-9608-f346df379d5d]: result: 151
[2020-11-13 18:32:47,412: INFO/MainProcess] Received task: core.tasks.every_10_sec[7e46e958-1662-4360-8ecc-ba098a4c8100]  
[2020-11-13 18:32:47,413: INFO/ForkPoolWorker-3] Task core.tasks.every_30_sec[3b2654e5-26ba-4993-a9fe-db8c51717ab8] succeeded in 0.0026245999997627223s: 77
[2020-11-13 18:32:47,413: INFO/ForkPoolWorker-4] Task core.tasks.every_10_sec[67d6c3b0-0a5d-4e80-849f-a9407ab45e88] succeeded in 0.0027573999996093335s: 139
[2020-11-13 18:32:47,414: INFO/ForkPoolWorker-1] Task core.tasks.every_10_sec[f86d075a-de13-49a1-9608-f346df379d5d] succeeded in 0.0032631999997647654s: 151
[2020-11-13 18:32:47,415: INFO/MainProcess] Received task: core.tasks.every_10_sec[b9d4c090-4980-4498-8c4b-82e7a5a8c3d0]  
[2020-11-13 18:32:47,417: INFO/MainProcess] Received task: core.tasks.every_10_sec[62e4abde-cb2a-45ab-bc40-7df8814b08ca]  
[2020-11-13 18:32:47,418: INFO/ForkPoolWorker-1] core.tasks.every_10_sec[09d586c7-1291-4fab-b22e-dbab1e58d85a]: Run every 10sec methods
[2020-11-13 18:32:47,418: INFO/ForkPoolWorker-3] core.tasks.every_30_sec[5de2ab30-5d5a-4d00-b2ff-c2d11fc31621]: Run every 30sec methods
[2020-11-13 18:32:47,419: INFO/ForkPoolWorker-4] core.tasks.every_10_sec[68b0549d-6d3e-47f8-b1a3-bc48ace30c2e]: Run every 10sec methods
[2020-11-13 18:32:47,418: INFO/ForkPoolWorker-2] core.tasks.every_10_sec[e38eda98-4c9a-47e6-b3b8-2132aa7c822b]: Run every 10sec methods
[2020-11-13 18:32:47,419: INFO/ForkPoolWorker-1] core.tasks.every_10_sec[09d586c7-1291-4fab-b22e-dbab1e58d85a]: result: 130
[2020-11-13 18:32:47,420: INFO/MainProcess] Received task: core.tasks.every_30_sec[2d773c7d-fccf-469a-9f9e-690585d0a227]  
[2020-11-13 18:32:47,419: INFO/ForkPoolWorker-3] core.tasks.every_30_sec[5de2ab30-5d5a-4d00-b2ff-c2d11fc31621]: result: 95
[2020-11-13 18:32:47,420: INFO/ForkPoolWorker-4] core.tasks.every_10_sec[68b0549d-6d3e-47f8-b1a3-bc48ace30c2e]: result: 155
[2020-11-13 18:32:47,420: INFO/ForkPoolWorker-1] Task core.tasks.every_10_sec[09d586c7-1291-4fab-b22e-dbab1e58d85a] succeeded in 0.002276800000345247s: 130
[2020-11-13 18:32:47,420: INFO/ForkPoolWorker-2] core.tasks.every_10_sec[e38eda98-4c9a-47e6-b3b8-2132aa7c822b]: result: 78
[2020-11-13 18:32:47,421: INFO/ForkPoolWorker-3] Task core.tasks.every_30_sec[5de2ab30-5d5a-4d00-b2ff-c2d11fc31621] succeeded in 0.002531500000259257s: 95
[2020-11-13 18:32:47,421: INFO/ForkPoolWorker-4] Task core.tasks.every_10_sec[68b0549d-6d3e-47f8-b1a3-bc48ace30c2e] succeeded in 0.0026656999998522224s: 155
[2020-11-13 18:32:47,421: INFO/MainProcess] Received task: core.tasks.every_10_sec[97c2bd43-6420-4a66-a165-91bc8d7dc6b4]  
[2020-11-13 18:32:47,422: INFO/ForkPoolWorker-2] Task core.tasks.every_10_sec[e38eda98-4c9a-47e6-b3b8-2132aa7c822b] succeeded in 0.0033152000000882254s: 78
[2020-11-13 18:32:47,423: INFO/MainProcess] Received task: core.tasks.every_10_sec[b71f7cce-7d92-4295-ae31-93f8a0e12252]  
[2020-11-13 18:32:47,425: INFO/MainProcess] Received task: core.tasks.every_10_sec[5e2ee8ea-169f-434f-a03e-a6ebd5d63f28]  
[2020-11-13 18:32:47,427: INFO/MainProcess] Received task: core.tasks.every_30_sec[faac3922-b35b-4940-8a1e-e811eb92dc32]  
[2020-11-13 18:32:47,428: INFO/ForkPoolWorker-2] core.tasks.every_10_sec[75e629b6-8732-4dde-9aa0-e04bbdc1e5a3]: Run every 10sec methods
[2020-11-13 18:32:47,428: INFO/ForkPoolWorker-3] core.tasks.every_30_sec[88de9514-0746-4edf-bde1-a3778b33ef9f]: Run every 30sec methods
[2020-11-13 18:32:47,428: INFO/MainProcess] Received task: core.tasks.every_10_sec[b1303028-be4a-4f92-a55a-b862698c6750]  
[2020-11-13 18:32:47,428: INFO/ForkPoolWorker-1] core.tasks.every_10_sec[33d8f4f5-9e15-4861-b148-38705ffe5c26]: Run every 10sec methods
[2020-11-13 18:32:47,429: INFO/ForkPoolWorker-3] core.tasks.every_30_sec[88de9514-0746-4edf-bde1-a3778b33ef9f]: result: 179
[2020-11-13 18:32:47,428: INFO/ForkPoolWorker-2] core.tasks.every_10_sec[75e629b6-8732-4dde-9aa0-e04bbdc1e5a3]: result: 137
[2020-11-13 18:32:47,429: INFO/ForkPoolWorker-1] core.tasks.every_10_sec[33d8f4f5-9e15-4861-b148-38705ffe5c26]: result: 59
[2020-11-13 18:32:47,429: INFO/MainProcess] Received task: core.tasks.every_10_sec[19d8cf3e-3c5c-4773-80e8-834fd195af21]  
[2020-11-13 18:32:47,429: INFO/ForkPoolWorker-4] core.tasks.every_10_sec[424dc010-7274-4527-8cf2-db8cb9b10472]: Run every 10sec methods
[2020-11-13 18:32:47,430: INFO/ForkPoolWorker-3] Task core.tasks.every_30_sec[88de9514-0746-4edf-bde1-a3778b33ef9f] succeeded in 0.002141699999810953s: 179
[2020-11-13 18:32:47,430: INFO/ForkPoolWorker-1] Task core.tasks.every_10_sec[33d8f4f5-9e15-4861-b148-38705ffe5c26] succeeded in 0.002913400000124966s: 59
[2020-11-13 18:32:47,430: INFO/ForkPoolWorker-2] Task core.tasks.every_10_sec[75e629b6-8732-4dde-9aa0-e04bbdc1e5a3] succeeded in 0.0024330999999619962s: 137
[2020-11-13 18:32:47,431: INFO/ForkPoolWorker-4] core.tasks.every_10_sec[424dc010-7274-4527-8cf2-db8cb9b10472]: result: 177
[2020-11-13 18:32:47,432: INFO/ForkPoolWorker-4] Task core.tasks.every_10_sec[424dc010-7274-4527-8cf2-db8cb9b10472] succeeded in 0.003506499999730295s: 177
[2020-11-13 18:32:47,433: INFO/MainProcess] Received task: core.tasks.every_10_sec[ceacf1dd-b806-44fa-88ff-42e5f37a25ea]  
[2020-11-13 18:32:47,434: INFO/ForkPoolWorker-3] core.tasks.every_10_sec[eda622ff-607f-427d-a487-1388ba19665f]: Run every 10sec methods
[2020-11-13 18:32:47,434: INFO/ForkPoolWorker-2] core.tasks.every_30_sec[651503e4-65af-4406-9027-ea732aabd1f2]: Run every 30sec methods
[2020-11-13 18:32:47,434: INFO/MainProcess] Received task: core.tasks.every_30_sec[c27d074f-51fa-45f5-b71d-6b95afa75d05]  
[2020-11-13 18:32:47,435: INFO/ForkPoolWorker-3] core.tasks.every_10_sec[eda622ff-607f-427d-a487-1388ba19665f]: result: 173
[2020-11-13 18:32:47,435: INFO/ForkPoolWorker-2] core.tasks.every_30_sec[651503e4-65af-4406-9027-ea732aabd1f2]: result: 126
[2020-11-13 18:32:47,436: INFO/ForkPoolWorker-3] Task core.tasks.every_10_sec[eda622ff-607f-427d-a487-1388ba19665f] succeeded in 0.0018777999998746964s: 173
[2020-11-13 18:32:47,436: INFO/ForkPoolWorker-2] Task core.tasks.every_30_sec[651503e4-65af-4406-9027-ea732aabd1f2] succeeded in 0.002087100000153441s: 126
[2020-11-13 18:32:47,436: INFO/MainProcess] Received task: core.tasks.every_10_sec[a18226c4-563d-4642-8335-d4e2f95a1aba]  
[2020-11-13 18:32:47,438: INFO/MainProcess] Received task: core.tasks.every_10_sec[fdd83fd8-b64b-48f9-9191-145ef91b097d]  
[2020-11-13 18:32:47,440: INFO/ForkPoolWorker-3] core.tasks.every_10_sec[b9d4c090-4980-4498-8c4b-82e7a5a8c3d0]: Run every 10sec methods
[2020-11-13 18:32:47,440: INFO/ForkPoolWorker-1] core.tasks.every_10_sec[7e46e958-1662-4360-8ecc-ba098a4c8100]: Run every 10sec methods
[2020-11-13 18:32:47,441: INFO/MainProcess] Received task: core.tasks.every_10_sec[144353c1-e350-40cf-a8d8-548070785225]  
[2020-11-13 18:32:47,440: INFO/ForkPoolWorker-4] core.tasks.every_30_sec[2d773c7d-fccf-469a-9f9e-690585d0a227]: Run every 30sec methods
[2020-11-13 18:32:47,441: INFO/ForkPoolWorker-3] core.tasks.every_10_sec[b9d4c090-4980-4498-8c4b-82e7a5a8c3d0]: result: 55
[2020-11-13 18:32:47,441: INFO/ForkPoolWorker-4] core.tasks.every_30_sec[2d773c7d-fccf-469a-9f9e-690585d0a227]: result: 85
[2020-11-13 18:32:47,441: INFO/ForkPoolWorker-1] core.tasks.every_10_sec[7e46e958-1662-4360-8ecc-ba098a4c8100]: result: 154
[2020-11-13 18:32:47,442: INFO/ForkPoolWorker-2] core.tasks.every_10_sec[62e4abde-cb2a-45ab-bc40-7df8814b08ca]: Run every 10sec methods
[2020-11-13 18:32:47,442: INFO/ForkPoolWorker-3] Task core.tasks.every_10_sec[b9d4c090-4980-4498-8c4b-82e7a5a8c3d0] succeeded in 0.0021395999997366744s: 55
[2020-11-13 18:32:47,442: INFO/MainProcess] Received task: core.tasks.every_30_sec[26da5b32-2b53-4911-8453-0e528026ba47]  
[2020-11-13 18:32:47,442: INFO/ForkPoolWorker-4] Task core.tasks.every_30_sec[2d773c7d-fccf-469a-9f9e-690585d0a227] succeeded in 0.002299499999935506s: 85
[2020-11-13 18:32:47,443: INFO/ForkPoolWorker-1] Task core.tasks.every_10_sec[7e46e958-1662-4360-8ecc-ba098a4c8100] succeeded in 0.003030700000181241s: 154
[2020-11-13 18:32:47,443: INFO/ForkPoolWorker-2] core.tasks.every_10_sec[62e4abde-cb2a-45ab-bc40-7df8814b08ca]: result: 7
[2020-11-13 18:32:47,445: INFO/MainProcess] Received task: core.tasks.every_10_sec[3aaee05e-4d37-4e1d-aec3-3f2a573f9b55]  
[2020-11-13 18:32:47,446: INFO/ForkPoolWorker-2] Task core.tasks.every_10_sec[62e4abde-cb2a-45ab-bc40-7df8814b08ca] succeeded in 0.0046597999998994055s: 7
[2020-11-13 18:32:47,446: INFO/ForkPoolWorker-1] core.tasks.every_10_sec[97c2bd43-6420-4a66-a165-91bc8d7dc6b4]: Run every 10sec methods
[2020-11-13 18:32:47,447: INFO/ForkPoolWorker-3] core.tasks.every_10_sec[b71f7cce-7d92-4295-ae31-93f8a0e12252]: Run every 10sec methods
[2020-11-13 18:32:47,447: INFO/MainProcess] Received task: core.tasks.every_10_sec[1721d399-3cb3-4fc4-829b-581ec35714c3]  
[2020-11-13 18:32:47,447: INFO/ForkPoolWorker-1] core.tasks.every_10_sec[97c2bd43-6420-4a66-a165-91bc8d7dc6b4]: result: 70
[2020-11-13 18:32:47,448: INFO/ForkPoolWorker-3] core.tasks.every_10_sec[b71f7cce-7d92-4295-ae31-93f8a0e12252]: result: 81
[2020-11-13 18:32:47,448: INFO/ForkPoolWorker-1] Task core.tasks.every_10_sec[97c2bd43-6420-4a66-a165-91bc8d7dc6b4] succeeded in 0.0017760999999154592s: 70
[2020-11-13 18:32:47,447: INFO/ForkPoolWorker-4] core.tasks.every_10_sec[5e2ee8ea-169f-434f-a03e-a6ebd5d63f28]: Run every 10sec methods
[2020-11-13 18:32:47,448: INFO/MainProcess] Received task: core.tasks.every_10_sec[09298d34-024d-4836-8147-0e63e32ce694]  
[2020-11-13 18:32:47,449: INFO/ForkPoolWorker-3] Task core.tasks.every_10_sec[b71f7cce-7d92-4295-ae31-93f8a0e12252] succeeded in 0.002061300000150368s: 81
[2020-11-13 18:32:47,449: INFO/ForkPoolWorker-4] core.tasks.every_10_sec[5e2ee8ea-169f-434f-a03e-a6ebd5d63f28]: result: 147
[2020-11-13 18:32:47,450: INFO/ForkPoolWorker-4] Task core.tasks.every_10_sec[5e2ee8ea-169f-434f-a03e-a6ebd5d63f28] succeeded in 0.002586900000096648s: 147
[2020-11-13 18:32:47,451: INFO/MainProcess] Received task: core.tasks.every_30_sec[202c6830-e3e0-4bff-bac2-8fdf356a7012]  
[2020-11-13 18:32:47,452: INFO/MainProcess] Received task: core.tasks.every_10_sec[3e901359-c22e-4543-a207-2b9ca10fe7ac]  
[2020-11-13 18:32:47,453: INFO/MainProcess] Received task: core.tasks.every_10_sec[4f887e33-b58c-425c-bb23-38467afbf610]  
[2020-11-13 18:32:47,455: INFO/ForkPoolWorker-3] core.tasks.every_10_sec[b1303028-be4a-4f92-a55a-b862698c6750]: Run every 10sec methods
[2020-11-13 18:32:47,455: INFO/ForkPoolWorker-1] core.tasks.every_30_sec[faac3922-b35b-4940-8a1e-e811eb92dc32]: Run every 30sec methods
[2020-11-13 18:32:47,456: INFO/ForkPoolWorker-3] core.tasks.every_10_sec[b1303028-be4a-4f92-a55a-b862698c6750]: result: 110
[2020-11-13 18:32:47,456: INFO/ForkPoolWorker-4] core.tasks.every_10_sec[ceacf1dd-b806-44fa-88ff-42e5f37a25ea]: Run every 10sec methods
[2020-11-13 18:32:47,457: INFO/ForkPoolWorker-3] Task core.tasks.every_10_sec[b1303028-be4a-4f92-a55a-b862698c6750] succeeded in 0.001967299999705574s: 110
[2020-11-13 18:32:47,456: INFO/ForkPoolWorker-1] core.tasks.every_30_sec[faac3922-b35b-4940-8a1e-e811eb92dc32]: result: 179
[2020-11-13 18:32:47,457: INFO/ForkPoolWorker-2] core.tasks.every_10_sec[19d8cf3e-3c5c-4773-80e8-834fd195af21]: Run every 10sec methods
[2020-11-13 18:32:47,458: INFO/ForkPoolWorker-4] core.tasks.every_10_sec[ceacf1dd-b806-44fa-88ff-42e5f37a25ea]: result: 153
[2020-11-13 18:32:47,457: INFO/MainProcess] Received task: core.tasks.every_10_sec[cb3dd384-edb9-4b77-9470-55661ac95e7e]  
[2020-11-13 18:32:47,458: INFO/ForkPoolWorker-1] Task core.tasks.every_30_sec[faac3922-b35b-4940-8a1e-e811eb92dc32] succeeded in 0.003190400000221416s: 179
[2020-11-13 18:32:47,458: INFO/ForkPoolWorker-2] core.tasks.every_10_sec[19d8cf3e-3c5c-4773-80e8-834fd195af21]: result: 95
[2020-11-13 18:32:47,459: INFO/ForkPoolWorker-4] Task core.tasks.every_10_sec[ceacf1dd-b806-44fa-88ff-42e5f37a25ea] succeeded in 0.0031518999999207153s: 153
[2020-11-13 18:32:47,459: INFO/ForkPoolWorker-2] Task core.tasks.every_10_sec[19d8cf3e-3c5c-4773-80e8-834fd195af21] succeeded in 0.002596499999981461s: 95
[2020-11-13 18:32:47,461: INFO/MainProcess] Received task: core.tasks.every_30_sec[b45e7ab8-2454-4d0d-a1c6-90cf1ae954e9]  
[2020-11-13 18:32:47,463: INFO/ForkPoolWorker-3] core.tasks.every_10_sec[a18226c4-563d-4642-8335-d4e2f95a1aba]: Run every 10sec methods
[2020-11-13 18:32:47,463: INFO/ForkPoolWorker-1] core.tasks.every_30_sec[c27d074f-51fa-45f5-b71d-6b95afa75d05]: Run every 30sec methods
[2020-11-13 18:32:47,463: INFO/ForkPoolWorker-2] core.tasks.every_10_sec[fdd83fd8-b64b-48f9-9191-145ef91b097d]: Run every 10sec methods
[2020-11-13 18:32:47,463: INFO/MainProcess] Received task: core.tasks.every_10_sec[6ca1cce8-5ad7-40b9-9e15-cbae6758ebd5]  
[2020-11-13 18:32:47,463: INFO/ForkPoolWorker-3] core.tasks.every_10_sec[a18226c4-563d-4642-8335-d4e2f95a1aba]: result: 80
[2020-11-13 18:32:47,464: INFO/ForkPoolWorker-4] core.tasks.every_10_sec[144353c1-e350-40cf-a8d8-548070785225]: Run every 10sec methods
[2020-11-13 18:32:47,464: INFO/ForkPoolWorker-1] core.tasks.every_30_sec[c27d074f-51fa-45f5-b71d-6b95afa75d05]: result: 17
[2020-11-13 18:32:47,465: INFO/ForkPoolWorker-3] Task core.tasks.every_10_sec[a18226c4-563d-4642-8335-d4e2f95a1aba] succeeded in 0.0021695999998883053s: 80
[2020-11-13 18:32:47,465: INFO/ForkPoolWorker-4] core.tasks.every_10_sec[144353c1-e350-40cf-a8d8-548070785225]: result: 64
[2020-11-13 18:32:47,464: INFO/ForkPoolWorker-2] core.tasks.every_10_sec[fdd83fd8-b64b-48f9-9191-145ef91b097d]: result: 155
[2020-11-13 18:32:47,465: INFO/ForkPoolWorker-1] Task core.tasks.every_30_sec[c27d074f-51fa-45f5-b71d-6b95afa75d05] succeeded in 0.002872600000046077s: 17
[2020-11-13 18:32:47,466: INFO/ForkPoolWorker-4] Task core.tasks.every_10_sec[144353c1-e350-40cf-a8d8-548070785225] succeeded in 0.0021073000002616027s: 64
[2020-11-13 18:32:47,465: INFO/MainProcess] Received task: core.tasks.every_10_sec[d6e7f872-2c95-40eb-8c6d-bd8dee1e67e5]  
[2020-11-13 18:32:47,466: INFO/ForkPoolWorker-2] Task core.tasks.every_10_sec[fdd83fd8-b64b-48f9-9191-145ef91b097d] succeeded in 0.002851899999768648s: 155
[2020-11-13 18:32:47,467: INFO/MainProcess] Received task: core.tasks.every_10_sec[73ef3510-8eea-4059-9042-80733cb52787]  
[2020-11-13 18:32:47,469: INFO/MainProcess] Received task: core.tasks.every_30_sec[bfbb59f9-2d5c-44eb-834b-de537ead836d]  
[2020-11-13 18:32:47,470: INFO/MainProcess] Received task: core.tasks.every_10_sec[74fa712a-bf53-401a-b0cd-43e5c9a56c64]  
[2020-11-13 18:32:47,471: INFO/ForkPoolWorker-1] core.tasks.every_30_sec[26da5b32-2b53-4911-8453-0e528026ba47]: Run every 30sec methods
[2020-11-13 18:32:47,471: INFO/ForkPoolWorker-2] core.tasks.every_10_sec[1721d399-3cb3-4fc4-829b-581ec35714c3]: Run every 10sec methods
[2020-11-13 18:32:47,472: INFO/MainProcess] Received task: core.tasks.every_10_sec[dde96a19-9275-4a63-ae12-38513e7709fc]  
[2020-11-13 18:32:47,471: INFO/ForkPoolWorker-3] core.tasks.every_10_sec[3aaee05e-4d37-4e1d-aec3-3f2a573f9b55]: Run every 10sec methods
[2020-11-13 18:32:47,472: INFO/ForkPoolWorker-1] core.tasks.every_30_sec[26da5b32-2b53-4911-8453-0e528026ba47]: result: 57
[2020-11-13 18:32:47,472: INFO/ForkPoolWorker-4] core.tasks.every_10_sec[09298d34-024d-4836-8147-0e63e32ce694]: Run every 10sec methods
[2020-11-13 18:32:47,472: INFO/ForkPoolWorker-2] core.tasks.every_10_sec[1721d399-3cb3-4fc4-829b-581ec35714c3]: result: 97
[2020-11-13 18:32:47,473: INFO/MainProcess] Received task: core.tasks.every_10_sec[ca52c1b5-269b-408d-8178-a6bea20bfbea]  
[2020-11-13 18:32:47,473: INFO/ForkPoolWorker-3] core.tasks.every_10_sec[3aaee05e-4d37-4e1d-aec3-3f2a573f9b55]: result: 93
[2020-11-13 18:32:47,473: INFO/ForkPoolWorker-1] Task core.tasks.every_30_sec[26da5b32-2b53-4911-8453-0e528026ba47] succeeded in 0.0021348999998735962s: 57
[2020-11-13 18:32:47,473: INFO/ForkPoolWorker-4] core.tasks.every_10_sec[09298d34-024d-4836-8147-0e63e32ce694]: result: 78
[2020-11-13 18:32:47,474: INFO/ForkPoolWorker-3] Task core.tasks.every_10_sec[3aaee05e-4d37-4e1d-aec3-3f2a573f9b55] succeeded in 0.0030562999995709106s: 93
[2020-11-13 18:32:47,475: INFO/ForkPoolWorker-4] Task core.tasks.every_10_sec[09298d34-024d-4836-8147-0e63e32ce694] succeeded in 0.0026572000001579s: 78
[2020-11-13 18:32:47,474: INFO/ForkPoolWorker-2] Task core.tasks.every_10_sec[1721d399-3cb3-4fc4-829b-581ec35714c3] succeeded in 0.002711500000259548s: 97
[2020-11-13 18:32:47,477: INFO/MainProcess] Received task: core.tasks.every_30_sec[287c24f2-5160-4796-9677-a4da67116c8e]  
[2020-11-13 18:32:47,478: INFO/ForkPoolWorker-3] core.tasks.every_10_sec[3e901359-c22e-4543-a207-2b9ca10fe7ac]: Run every 10sec methods
[2020-11-13 18:32:47,478: INFO/ForkPoolWorker-1] core.tasks.every_30_sec[202c6830-e3e0-4bff-bac2-8fdf356a7012]: Run every 30sec methods
[2020-11-13 18:32:47,478: INFO/MainProcess] Received task: core.tasks.every_10_sec[9312111c-edbc-401b-a0c7-205b673ccd76]  
[2020-11-13 18:32:47,478: INFO/ForkPoolWorker-4] core.tasks.every_10_sec[4f887e33-b58c-425c-bb23-38467afbf610]: Run every 10sec methods
[2020-11-13 18:32:47,479: INFO/ForkPoolWorker-3] core.tasks.every_10_sec[3e901359-c22e-4543-a207-2b9ca10fe7ac]: result: 103
[2020-11-13 18:32:47,479: INFO/ForkPoolWorker-1] core.tasks.every_30_sec[202c6830-e3e0-4bff-bac2-8fdf356a7012]: result: 83
[2020-11-13 18:32:47,479: INFO/ForkPoolWorker-4] core.tasks.every_10_sec[4f887e33-b58c-425c-bb23-38467afbf610]: result: 120
[2020-11-13 18:32:47,480: INFO/ForkPoolWorker-3] Task core.tasks.every_10_sec[3e901359-c22e-4543-a207-2b9ca10fe7ac] succeeded in 0.0019065999999838823s: 103
[2020-11-13 18:32:47,480: INFO/MainProcess] Received task: core.tasks.every_10_sec[49bfdc5e-4913-41c1-b58d-c27c9c0ed441]  
[2020-11-13 18:32:47,480: INFO/ForkPoolWorker-4] Task core.tasks.every_10_sec[4f887e33-b58c-425c-bb23-38467afbf610] succeeded in 0.002446399999826099s: 120
[2020-11-13 18:32:47,480: INFO/ForkPoolWorker-1] Task core.tasks.every_30_sec[202c6830-e3e0-4bff-bac2-8fdf356a7012] succeeded in 0.0022058999998080253s: 83
[2020-11-13 18:32:47,482: INFO/MainProcess] Received task: core.tasks.every_10_sec[b808adee-e7fa-4bc5-91c4-fb6e984d065a]  
[2020-11-13 18:32:47,484: INFO/ForkPoolWorker-3] core.tasks.every_30_sec[b45e7ab8-2454-4d0d-a1c6-90cf1ae954e9]: Run every 30sec methods
[2020-11-13 18:32:47,484: INFO/ForkPoolWorker-1] core.tasks.every_10_sec[cb3dd384-edb9-4b77-9470-55661ac95e7e]: Run every 10sec methods
[2020-11-13 18:32:47,484: INFO/MainProcess] Received task: core.tasks.every_30_sec[03662412-66f3-46da-95e3-746d1a187dbf]  
[2020-11-13 18:32:47,484: INFO/ForkPoolWorker-2] core.tasks.every_10_sec[6ca1cce8-5ad7-40b9-9e15-cbae6758ebd5]: Run every 10sec methods
[2020-11-13 18:32:47,485: INFO/ForkPoolWorker-3] core.tasks.every_30_sec[b45e7ab8-2454-4d0d-a1c6-90cf1ae954e9]: result: 84
[2020-11-13 18:32:47,485: INFO/ForkPoolWorker-4] core.tasks.every_10_sec[d6e7f872-2c95-40eb-8c6d-bd8dee1e67e5]: Run every 10sec methods
[2020-11-13 18:32:47,486: INFO/MainProcess] Received task: core.tasks.every_10_sec[85a43db2-5ca1-472d-9444-6de8f0e5da5b]  
[2020-11-13 18:32:47,485: INFO/ForkPoolWorker-1] core.tasks.every_10_sec[cb3dd384-edb9-4b77-9470-55661ac95e7e]: result: 122
[2020-11-13 18:32:47,486: INFO/ForkPoolWorker-3] Task core.tasks.every_30_sec[b45e7ab8-2454-4d0d-a1c6-90cf1ae954e9] succeeded in 0.00292330000002039s: 84
[2020-11-13 18:32:47,486: INFO/ForkPoolWorker-2] core.tasks.every_10_sec[6ca1cce8-5ad7-40b9-9e15-cbae6758ebd5]: result: 81
[2020-11-13 18:32:47,487: INFO/ForkPoolWorker-4] core.tasks.every_10_sec[d6e7f872-2c95-40eb-8c6d-bd8dee1e67e5]: result: 23
[2020-11-13 18:32:47,487: INFO/ForkPoolWorker-1] Task core.tasks.every_10_sec[cb3dd384-edb9-4b77-9470-55661ac95e7e] succeeded in 0.0037370000000009895s: 122
[2020-11-13 18:32:47,488: INFO/ForkPoolWorker-2] Task core.tasks.every_10_sec[6ca1cce8-5ad7-40b9-9e15-cbae6758ebd5] succeeded in 0.004003699999884702s: 81
[2020-11-13 18:32:47,488: INFO/ForkPoolWorker-4] Task core.tasks.every_10_sec[d6e7f872-2c95-40eb-8c6d-bd8dee1e67e5] succeeded in 0.003274600000167993s: 23
[2020-11-13 18:32:47,488: INFO/MainProcess] Received task: core.tasks.every_10_sec[9a50234e-abee-4420-bad8-f6c2b7b37b3a]  
[2020-11-13 18:32:47,490: INFO/MainProcess] Received task: core.tasks.every_10_sec[646fa361-ed94-4348-b1fd-536a3b881192]  
[2020-11-13 18:32:47,491: INFO/MainProcess] Received task: core.tasks.every_30_sec[ed339599-91ba-4690-bdf4-4ea8999d5d55]  
[2020-11-13 18:32:47,493: INFO/ForkPoolWorker-3] core.tasks.every_30_sec[bfbb59f9-2d5c-44eb-834b-de537ead836d]: Run every 30sec methods
[2020-11-13 18:32:47,492: INFO/ForkPoolWorker-1] core.tasks.every_10_sec[73ef3510-8eea-4059-9042-80733cb52787]: Run every 10sec methods
[2020-11-13 18:32:47,493: INFO/MainProcess] Received task: core.tasks.every_10_sec[b077c4a3-c456-4f5d-a935-1263d6325082]  
[2020-11-13 18:32:47,493: INFO/ForkPoolWorker-2] core.tasks.every_10_sec[74fa712a-bf53-401a-b0cd-43e5c9a56c64]: Run every 10sec methods
[2020-11-13 18:32:47,493: INFO/ForkPoolWorker-4] core.tasks.every_10_sec[dde96a19-9275-4a63-ae12-38513e7709fc]: Run every 10sec methods
[2020-11-13 18:32:47,494: INFO/ForkPoolWorker-1] core.tasks.every_10_sec[73ef3510-8eea-4059-9042-80733cb52787]: result: 121
[2020-11-13 18:32:47,493: INFO/ForkPoolWorker-3] core.tasks.every_30_sec[bfbb59f9-2d5c-44eb-834b-de537ead836d]: result: 84
[2020-11-13 18:32:47,494: INFO/ForkPoolWorker-2] core.tasks.every_10_sec[74fa712a-bf53-401a-b0cd-43e5c9a56c64]: result: 131
[2020-11-13 18:32:47,494: INFO/ForkPoolWorker-4] core.tasks.every_10_sec[dde96a19-9275-4a63-ae12-38513e7709fc]: result: 79
[2020-11-13 18:32:47,495: INFO/ForkPoolWorker-3] Task core.tasks.every_30_sec[bfbb59f9-2d5c-44eb-834b-de537ead836d] succeeded in 0.0023931000000629865s: 84
[2020-11-13 18:32:47,495: INFO/ForkPoolWorker-1] Task core.tasks.every_10_sec[73ef3510-8eea-4059-9042-80733cb52787] succeeded in 0.0021945000003142923s: 121
[2020-11-13 18:32:47,495: INFO/ForkPoolWorker-4] Task core.tasks.every_10_sec[dde96a19-9275-4a63-ae12-38513e7709fc] succeeded in 0.00205229999983203s: 79
[2020-11-13 18:32:47,495: INFO/ForkPoolWorker-2] Task core.tasks.every_10_sec[74fa712a-bf53-401a-b0cd-43e5c9a56c64] succeeded in 0.002598500000203785s: 131
[2020-11-13 18:32:47,495: INFO/MainProcess] Received task: core.tasks.every_10_sec[928ea5c5-0fe5-430d-8826-10f9c06685cc]  
[2020-11-13 18:32:47,499: INFO/MainProcess] Received task: core.tasks.every_10_sec[2b59cf06-d913-4336-a2b6-80cdc58fbb22]  
[2020-11-13 18:32:47,500: INFO/ForkPoolWorker-1] core.tasks.every_10_sec[ca52c1b5-269b-408d-8178-a6bea20bfbea]: Run every 10sec methods
[2020-11-13 18:32:47,500: INFO/ForkPoolWorker-3] core.tasks.every_30_sec[287c24f2-5160-4796-9677-a4da67116c8e]: Run every 30sec methods
[2020-11-13 18:32:47,500: INFO/ForkPoolWorker-2] core.tasks.every_10_sec[9312111c-edbc-401b-a0c7-205b673ccd76]: Run every 10sec methods
[2020-11-13 18:32:47,501: INFO/MainProcess] Received task: core.tasks.every_30_sec[b9e4139a-1b53-4d0d-b726-c61dd78b34ab]  
[2020-11-13 18:32:47,501: INFO/ForkPoolWorker-1] core.tasks.every_10_sec[ca52c1b5-269b-408d-8178-a6bea20bfbea]: result: 139
[2020-11-13 18:32:47,501: INFO/ForkPoolWorker-4] core.tasks.every_10_sec[49bfdc5e-4913-41c1-b58d-c27c9c0ed441]: Run every 10sec methods
[2020-11-13 18:32:47,501: INFO/ForkPoolWorker-3] core.tasks.every_30_sec[287c24f2-5160-4796-9677-a4da67116c8e]: result: 81
[2020-11-13 18:32:47,502: INFO/ForkPoolWorker-1] Task core.tasks.every_10_sec[ca52c1b5-269b-408d-8178-a6bea20bfbea] succeeded in 0.0020543000000543543s: 139
[2020-11-13 18:32:47,502: INFO/ForkPoolWorker-2] core.tasks.every_10_sec[9312111c-edbc-401b-a0c7-205b673ccd76]: result: 131
[2020-11-13 18:32:47,502: INFO/ForkPoolWorker-4] core.tasks.every_10_sec[49bfdc5e-4913-41c1-b58d-c27c9c0ed441]: result: 134
[2020-11-13 18:32:47,502: INFO/MainProcess] Received task: core.tasks.every_10_sec[369a83dc-7b3c-40e2-a713-315a609bd47c]  
[2020-11-13 18:32:47,503: INFO/ForkPoolWorker-3] Task core.tasks.every_30_sec[287c24f2-5160-4796-9677-a4da67116c8e] succeeded in 0.0025132000000667176s: 81
[2020-11-13 18:32:47,503: INFO/ForkPoolWorker-2] Task core.tasks.every_10_sec[9312111c-edbc-401b-a0c7-205b673ccd76] succeeded in 0.002779200000077253s: 131
[2020-11-13 18:32:47,503: INFO/ForkPoolWorker-4] Task core.tasks.every_10_sec[49bfdc5e-4913-41c1-b58d-c27c9c0ed441] succeeded in 0.0024103000000650354s: 134
[2020-11-13 18:32:47,505: INFO/MainProcess] Received task: core.tasks.every_10_sec[9d682fb4-6b39-4bea-a53d-d1c2e5f13c7c]  
[2020-11-13 18:32:47,506: INFO/MainProcess] Received task: core.tasks.every_10_sec[229a8a66-7c17-4b90-aa8e-4d0150a78b0d]  
[2020-11-13 18:32:47,507: INFO/MainProcess] Received task: core.tasks.every_30_sec[a25528ab-86b2-4a69-9af2-62c94076c35e]  
[2020-11-13 18:32:47,508: INFO/MainProcess] Received task: core.tasks.every_10_sec[9208aeae-422e-48b5-b7b2-ba888251ca8c]  
[2020-11-13 18:32:47,509: INFO/MainProcess] Received task: core.tasks.every_10_sec[53938aab-28ab-419f-93ae-2cf2fd0e0330]  
[2020-11-13 18:32:47,510: INFO/ForkPoolWorker-1] core.tasks.every_10_sec[b808adee-e7fa-4bc5-91c4-fb6e984d065a]: Run every 10sec methods
[2020-11-13 18:32:47,511: INFO/ForkPoolWorker-4] core.tasks.every_10_sec[9a50234e-abee-4420-bad8-f6c2b7b37b3a]: Run every 10sec methods
[2020-11-13 18:32:47,511: INFO/ForkPoolWorker-1] core.tasks.every_10_sec[b808adee-e7fa-4bc5-91c4-fb6e984d065a]: result: 127
[2020-11-13 18:32:47,512: INFO/ForkPoolWorker-4] core.tasks.every_10_sec[9a50234e-abee-4420-bad8-f6c2b7b37b3a]: result: 118
[2020-11-13 18:32:47,512: INFO/ForkPoolWorker-1] Task core.tasks.every_10_sec[b808adee-e7fa-4bc5-91c4-fb6e984d065a] succeeded in 0.0018657999999049935s: 127
[2020-11-13 18:32:47,513: INFO/ForkPoolWorker-4] Task core.tasks.every_10_sec[9a50234e-abee-4420-bad8-f6c2b7b37b3a] succeeded in 0.0017781000001377834s: 118
[2020-11-13 18:32:47,511: INFO/ForkPoolWorker-2] core.tasks.every_10_sec[85a43db2-5ca1-472d-9444-6de8f0e5da5b]: Run every 10sec methods
[2020-11-13 18:32:47,510: INFO/ForkPoolWorker-3] core.tasks.every_30_sec[03662412-66f3-46da-95e3-746d1a187dbf]: Run every 30sec methods
[2020-11-13 18:32:47,513: INFO/MainProcess] Received task: core.tasks.every_10_sec[a60b28f8-3ba4-4b13-af78-d1437059ecaf]  
[2020-11-13 18:32:47,514: INFO/ForkPoolWorker-2] core.tasks.every_10_sec[85a43db2-5ca1-472d-9444-6de8f0e5da5b]: result: 113
[2020-11-13 18:32:47,514: INFO/ForkPoolWorker-3] core.tasks.every_30_sec[03662412-66f3-46da-95e3-746d1a187dbf]: result: 119
[2020-11-13 18:32:47,514: INFO/ForkPoolWorker-2] Task core.tasks.every_10_sec[85a43db2-5ca1-472d-9444-6de8f0e5da5b] succeeded in 0.004084100000000035s: 113
[2020-11-13 18:32:47,515: INFO/ForkPoolWorker-3] Task core.tasks.every_30_sec[03662412-66f3-46da-95e3-746d1a187dbf] succeeded in 0.0045030000001133885s: 119
[2020-11-13 18:32:47,516: INFO/MainProcess] Received task: core.tasks.every_30_sec[2e73d7fc-1f31-4e61-a46a-791ab75b0bc4]  
[2020-11-13 18:32:47,517: INFO/MainProcess] Received task: core.tasks.every_10_sec[bc5e54c0-0ec5-467a-8c9e-1a2f44bb9f77]  
[2020-11-13 18:32:47,518: INFO/MainProcess] Received task: core.tasks.every_10_sec[cc395ff9-5c12-485e-9db3-056b0e4b7c78]  
[2020-11-13 18:32:47,519: INFO/ForkPoolWorker-1] core.tasks.every_10_sec[646fa361-ed94-4348-b1fd-536a3b881192]: Run every 10sec methods
[2020-11-13 18:32:47,520: INFO/ForkPoolWorker-4] core.tasks.every_10_sec[928ea5c5-0fe5-430d-8826-10f9c06685cc]: Run every 10sec methods
[2020-11-13 18:32:47,519: INFO/ForkPoolWorker-3] core.tasks.every_30_sec[ed339599-91ba-4690-bdf4-4ea8999d5d55]: Run every 30sec methods
[2020-11-13 18:32:47,519: INFO/ForkPoolWorker-2] core.tasks.every_10_sec[b077c4a3-c456-4f5d-a935-1263d6325082]: Run every 10sec methods
[2020-11-13 18:32:47,520: INFO/ForkPoolWorker-1] core.tasks.every_10_sec[646fa361-ed94-4348-b1fd-536a3b881192]: result: 121
[2020-11-13 18:32:47,521: INFO/ForkPoolWorker-2] core.tasks.every_10_sec[b077c4a3-c456-4f5d-a935-1263d6325082]: result: 12
[2020-11-13 18:32:47,522: INFO/ForkPoolWorker-1] Task core.tasks.every_10_sec[646fa361-ed94-4348-b1fd-536a3b881192] succeeded in 0.002672699999948236s: 121
[2020-11-13 18:32:47,521: INFO/ForkPoolWorker-4] core.tasks.every_10_sec[928ea5c5-0fe5-430d-8826-10f9c06685cc]: result: 60
[2020-11-13 18:32:47,522: INFO/MainProcess] Received task: core.tasks.every_10_sec[afe1ba67-d10c-4f1e-a4dc-1d34bbc0b589]  
[2020-11-13 18:32:47,521: INFO/ForkPoolWorker-3] core.tasks.every_30_sec[ed339599-91ba-4690-bdf4-4ea8999d5d55]: result: 96
[2020-11-13 18:32:47,522: INFO/ForkPoolWorker-2] Task core.tasks.every_10_sec[b077c4a3-c456-4f5d-a935-1263d6325082] succeeded in 0.0029546000000664208s: 12
[2020-11-13 18:32:47,523: INFO/ForkPoolWorker-3] Task core.tasks.every_30_sec[ed339599-91ba-4690-bdf4-4ea8999d5d55] succeeded in 0.00393469999971785s: 96
[2020-11-13 18:32:47,523: INFO/ForkPoolWorker-4] Task core.tasks.every_10_sec[928ea5c5-0fe5-430d-8826-10f9c06685cc] succeeded in 0.0032320999998773914s: 60
[2020-11-13 18:32:47,524: INFO/MainProcess] Received task: core.tasks.every_30_sec[28481a36-2a15-4869-b487-a6ea95260cd5]  
[2020-11-13 18:32:47,525: INFO/MainProcess] Received task: core.tasks.every_10_sec[7f5df087-07d3-4ef5-8659-04abf12c2294]  
[2020-11-13 18:32:47,526: INFO/MainProcess] Received task: core.tasks.every_10_sec[6a669aba-794d-4612-8fc0-d85acddb1594]  
[2020-11-13 18:32:47,527: INFO/ForkPoolWorker-3] core.tasks.every_30_sec[b9e4139a-1b53-4d0d-b726-c61dd78b34ab]: Run every 30sec methods
[2020-11-13 18:32:47,527: INFO/ForkPoolWorker-1] core.tasks.every_10_sec[2b59cf06-d913-4336-a2b6-80cdc58fbb22]: Run every 10sec methods
[2020-11-13 18:32:47,527: INFO/ForkPoolWorker-2] core.tasks.every_10_sec[369a83dc-7b3c-40e2-a713-315a609bd47c]: Run every 10sec methods
[2020-11-13 18:32:47,528: INFO/ForkPoolWorker-3] core.tasks.every_30_sec[b9e4139a-1b53-4d0d-b726-c61dd78b34ab]: result: 66
[2020-11-13 18:32:47,529: INFO/ForkPoolWorker-2] core.tasks.every_10_sec[369a83dc-7b3c-40e2-a713-315a609bd47c]: result: 161
[2020-11-13 18:32:47,528: INFO/ForkPoolWorker-1] core.tasks.every_10_sec[2b59cf06-d913-4336-a2b6-80cdc58fbb22]: result: 107
[2020-11-13 18:32:47,529: INFO/ForkPoolWorker-3] Task core.tasks.every_30_sec[b9e4139a-1b53-4d0d-b726-c61dd78b34ab] succeeded in 0.001928700000007666s: 66
[2020-11-13 18:32:47,530: INFO/ForkPoolWorker-1] Task core.tasks.every_10_sec[2b59cf06-d913-4336-a2b6-80cdc58fbb22] succeeded in 0.0029082999999445747s: 107
[2020-11-13 18:32:47,530: INFO/ForkPoolWorker-2] Task core.tasks.every_10_sec[369a83dc-7b3c-40e2-a713-315a609bd47c] succeeded in 0.0022427000003517605s: 161
[2020-11-13 18:32:47,530: INFO/ForkPoolWorker-4] core.tasks.every_10_sec[9d682fb4-6b39-4bea-a53d-d1c2e5f13c7c]: Run every 10sec methods
[2020-11-13 18:32:47,531: INFO/MainProcess] Received task: core.tasks.every_10_sec[5d7c9ddb-2b41-4639-8191-8aab9ee937fa]  
[2020-11-13 18:32:47,531: INFO/ForkPoolWorker-4] core.tasks.every_10_sec[9d682fb4-6b39-4bea-a53d-d1c2e5f13c7c]: result: 145
[2020-11-13 18:32:47,532: INFO/ForkPoolWorker-4] Task core.tasks.every_10_sec[9d682fb4-6b39-4bea-a53d-d1c2e5f13c7c] succeeded in 0.0025859000002128596s: 145
[2020-11-13 18:32:47,532: INFO/MainProcess] Received task: core.tasks.every_30_sec[b0414334-0f84-4455-a0a7-fa5f01ea2857]  
[2020-11-13 18:32:47,533: INFO/MainProcess] Received task: core.tasks.every_10_sec[80dd4e76-30d4-4bf2-800d-d5b77ac5df5c]  
[2020-11-13 18:32:47,535: INFO/MainProcess] Received task: core.tasks.every_10_sec[af1a8d4b-d792-4e53-9509-5ce23a056ad3]  
[2020-11-13 18:32:47,536: INFO/ForkPoolWorker-3] core.tasks.every_30_sec[a25528ab-86b2-4a69-9af2-62c94076c35e]: Run every 30sec methods
[2020-11-13 18:32:47,536: INFO/ForkPoolWorker-1] core.tasks.every_10_sec[229a8a66-7c17-4b90-aa8e-4d0150a78b0d]: Run every 10sec methods
[2020-11-13 18:32:47,537: INFO/ForkPoolWorker-4] core.tasks.every_10_sec[53938aab-28ab-419f-93ae-2cf2fd0e0330]: Run every 10sec methods
[2020-11-13 18:32:47,537: INFO/ForkPoolWorker-1] core.tasks.every_10_sec[229a8a66-7c17-4b90-aa8e-4d0150a78b0d]: result: 90
[2020-11-13 18:32:47,537: INFO/ForkPoolWorker-3] core.tasks.every_30_sec[a25528ab-86b2-4a69-9af2-62c94076c35e]: result: 95
[2020-11-13 18:32:47,538: INFO/MainProcess] Received task: core.tasks.every_10_sec[42887dc6-97f3-493a-b40c-969bc53fd852]  
[2020-11-13 18:32:47,538: INFO/ForkPoolWorker-2] core.tasks.every_10_sec[9208aeae-422e-48b5-b7b2-ba888251ca8c]: Run every 10sec methods
[2020-11-13 18:32:47,539: INFO/ForkPoolWorker-1] Task core.tasks.every_10_sec[229a8a66-7c17-4b90-aa8e-4d0150a78b0d] succeeded in 0.0026792999997269362s: 90
[2020-11-13 18:32:47,538: INFO/ForkPoolWorker-4] core.tasks.every_10_sec[53938aab-28ab-419f-93ae-2cf2fd0e0330]: result: 88
[2020-11-13 18:32:47,539: INFO/ForkPoolWorker-3] Task core.tasks.every_30_sec[a25528ab-86b2-4a69-9af2-62c94076c35e] succeeded in 0.0029404000001704844s: 95
[2020-11-13 18:32:47,539: INFO/ForkPoolWorker-2] core.tasks.every_10_sec[9208aeae-422e-48b5-b7b2-ba888251ca8c]: result: 155
[2020-11-13 18:32:47,540: INFO/MainProcess] Received task: core.tasks.every_30_sec[750da3c0-ca34-4be2-ba96-5e9b27cd8ffb]  
[2020-11-13 18:32:47,540: INFO/ForkPoolWorker-4] Task core.tasks.every_10_sec[53938aab-28ab-419f-93ae-2cf2fd0e0330] succeeded in 0.0038059999997130944s: 88
[2020-11-13 18:32:47,540: INFO/ForkPoolWorker-2] Task core.tasks.every_10_sec[9208aeae-422e-48b5-b7b2-ba888251ca8c] succeeded in 0.002987700000176119s: 155
[2020-11-13 18:32:47,541: INFO/MainProcess] Received task: core.tasks.every_10_sec[44360179-2510-4c14-8e75-84cd0240ece7]  
[2020-11-13 18:32:47,542: INFO/MainProcess] Received task: core.tasks.every_10_sec[76993ed2-d127-4284-bb43-f6943f50f6a3]  
[2020-11-13 18:32:47,544: INFO/ForkPoolWorker-3] core.tasks.every_30_sec[2e73d7fc-1f31-4e61-a46a-791ab75b0bc4]: Run every 30sec methods
[2020-11-13 18:32:47,544: INFO/ForkPoolWorker-1] core.tasks.every_10_sec[a60b28f8-3ba4-4b13-af78-d1437059ecaf]: Run every 10sec methods
[2020-11-13 18:32:47,544: INFO/ForkPoolWorker-2] core.tasks.every_10_sec[bc5e54c0-0ec5-467a-8c9e-1a2f44bb9f77]: Run every 10sec methods
[2020-11-13 18:32:47,545: INFO/ForkPoolWorker-3] core.tasks.every_30_sec[2e73d7fc-1f31-4e61-a46a-791ab75b0bc4]: result: 148
[2020-11-13 18:32:47,545: INFO/ForkPoolWorker-1] core.tasks.every_10_sec[a60b28f8-3ba4-4b13-af78-d1437059ecaf]: result: 131
[2020-11-13 18:32:47,546: INFO/ForkPoolWorker-3] Task core.tasks.every_30_sec[2e73d7fc-1f31-4e61-a46a-791ab75b0bc4] succeeded in 0.0022469999998975254s: 148
[2020-11-13 18:32:47,545: INFO/ForkPoolWorker-4] core.tasks.every_10_sec[cc395ff9-5c12-485e-9db3-056b0e4b7c78]: Run every 10sec methods
[2020-11-13 18:32:47,546: INFO/ForkPoolWorker-1] Task core.tasks.every_10_sec[a60b28f8-3ba4-4b13-af78-d1437059ecaf] succeeded in 0.0028154000001450186s: 131
[2020-11-13 18:32:47,546: INFO/ForkPoolWorker-2] core.tasks.every_10_sec[bc5e54c0-0ec5-467a-8c9e-1a2f44bb9f77]: result: 109
[2020-11-13 18:32:47,547: INFO/MainProcess] Received task: core.tasks.every_10_sec[59eedacd-8ad9-4262-8605-764f4c0b9d10]  
[2020-11-13 18:32:47,547: INFO/ForkPoolWorker-4] core.tasks.every_10_sec[cc395ff9-5c12-485e-9db3-056b0e4b7c78]: result: 100
[2020-11-13 18:32:47,548: INFO/ForkPoolWorker-2] Task core.tasks.every_10_sec[bc5e54c0-0ec5-467a-8c9e-1a2f44bb9f77] succeeded in 0.0037916999999652035s: 109
[2020-11-13 18:32:47,548: INFO/ForkPoolWorker-4] Task core.tasks.every_10_sec[cc395ff9-5c12-485e-9db3-056b0e4b7c78] succeeded in 0.0028768000001946348s: 100
[2020-11-13 18:32:47,548: INFO/MainProcess] Received task: core.tasks.every_30_sec[57d0cf73-b024-49ea-be06-92383fbedac1]  
[2020-11-13 18:32:47,549: INFO/MainProcess] Received task: core.tasks.every_10_sec[bd2b5927-ac4f-403a-917e-36553d11f1ff]  
[2020-11-13 18:32:47,551: INFO/MainProcess] Received task: core.tasks.every_10_sec[f8eac146-ab2a-462c-99a5-3d8e46a12cb9]  
[2020-11-13 18:32:47,552: INFO/ForkPoolWorker-3] core.tasks.every_30_sec[28481a36-2a15-4869-b487-a6ea95260cd5]: Run every 30sec methods
[2020-11-13 18:32:47,552: INFO/ForkPoolWorker-1] core.tasks.every_10_sec[afe1ba67-d10c-4f1e-a4dc-1d34bbc0b589]: Run every 10sec methods
[2020-11-13 18:32:47,553: INFO/ForkPoolWorker-3] core.tasks.every_30_sec[28481a36-2a15-4869-b487-a6ea95260cd5]: result: 170
[2020-11-13 18:32:47,553: INFO/ForkPoolWorker-1] core.tasks.every_10_sec[afe1ba67-d10c-4f1e-a4dc-1d34bbc0b589]: result: 72
[2020-11-13 18:32:47,553: INFO/ForkPoolWorker-4] core.tasks.every_10_sec[6a669aba-794d-4612-8fc0-d85acddb1594]: Run every 10sec methods
[2020-11-13 18:32:47,554: INFO/ForkPoolWorker-3] Task core.tasks.every_30_sec[28481a36-2a15-4869-b487-a6ea95260cd5] succeeded in 0.0019735000000764558s: 170
[2020-11-13 18:32:47,554: INFO/ForkPoolWorker-1] Task core.tasks.every_10_sec[afe1ba67-d10c-4f1e-a4dc-1d34bbc0b589] succeeded in 0.002438399999846297s: 72
[2020-11-13 18:32:47,554: INFO/ForkPoolWorker-4] core.tasks.every_10_sec[6a669aba-794d-4612-8fc0-d85acddb1594]: result: 73
[2020-11-13 18:32:47,555: INFO/MainProcess] Received task: core.tasks.every_10_sec[39ef7677-f8ec-4034-8b9c-b9aaadecff63]  
[2020-11-13 18:32:47,555: INFO/ForkPoolWorker-4] Task core.tasks.every_10_sec[6a669aba-794d-4612-8fc0-d85acddb1594] succeeded in 0.0023424000000886736s: 73
[2020-11-13 18:32:47,552: INFO/ForkPoolWorker-2] core.tasks.every_10_sec[7f5df087-07d3-4ef5-8659-04abf12c2294]: Run every 10sec methods
[2020-11-13 18:32:47,556: INFO/ForkPoolWorker-2] core.tasks.every_10_sec[7f5df087-07d3-4ef5-8659-04abf12c2294]: result: 78
[2020-11-13 18:32:47,557: INFO/MainProcess] Received task: core.tasks.every_30_sec[351f3b62-d752-4603-9c0d-cd27919f4a5f]  
[2020-11-13 18:32:47,557: INFO/ForkPoolWorker-2] Task core.tasks.every_10_sec[7f5df087-07d3-4ef5-8659-04abf12c2294] succeeded in 0.004838400000153342s: 78
[2020-11-13 18:32:47,558: INFO/MainProcess] Received task: core.tasks.every_10_sec[7c43f118-2dfe-48f9-874f-d09ff3f45f57]  
