[2020-11-13 18:32:47,157: INFO/MainProcess] Received task: core.tasks.every_10_sec[d911e7cd-d8a5-4e20-a74c-1a6b70d83feb]  
[2020-11-13 18:32:47,158: INFO/MainProcess] Received task: core.tasks.every_30_sec[2f61aba8-4e5e-4717-b6bf-ab9911205c8e]  
[2020-11-13 18:32:47,159: INFO/MainProcess] Received task: core.tasks.every_10_sec[b8e158d2-b8f8-4c9f-a90e-377ea19ecd7b]  
[2020-11-13 18:32:47,160: INFO/ForkPoolWorker-1] core.tasks.every_10_sec[b4ae9522-cb90-4c0c-a07a-b9c1d7c68e76]: Run every 10sec methods
[2020-11-13 18:32:47,160: INFO/ForkPoolWorker-2] core.tasks.every_30_sec[4e547ed5-d950-4ec5-8f32-4e81de2de20d]: Run every 30sec methods
[2020-11-13 18:32:47,160: INFO/ForkPoolWorker-3] core.tasks.every_10_sec[3e4919ad-b2be-47e1-9eff-f855857140c9]: Run every 10sec methods
[2020-11-13 18:32:47,161: INFO/ForkPoolWorker-1] core.tasks.every_10_sec[b4ae9522-cb90-4c0c-a07a-b9c1d7c68e76]: result: 114
[2020-11-13 18:32:47,161: INFO/ForkPoolWorker-4] core.tasks.every_10_sec[b47846b0-424c-4286-83e5-4b20eeedfa47]: Run every 10sec methods
[2020-11-13 18:32:47,161: INFO/ForkPoolWorker-2] core.tasks.every_30_sec[4e547ed5-d950-4ec5-8f32-4e81de2de20d]: result: 166
[2020-11-13 18:32:47,162: INFO/ForkPoolWorker-1] Task core.tasks.every_10_sec[b4ae9522-cb90-4c0c-a07a-b9c1d7c68e76] succeeded in 0.002148099999885744s: 114
[2020-11-13 18:32:47,162: INFO/ForkPoolWorker-3] core.tasks.every_10_sec[3e4919ad-b2be-47e1-9eff-f855857140c9]: result: 108
[2020-11-13 18:32:47,163: INFO/ForkPoolWorker-2] Task core.tasks.every_30_sec[4e547ed5-d950-4ec5-8f32-4e81de2de20d] succeeded in 0.0025773999996090424s: 166
[2020-11-13 18:32:47,163: INFO/ForkPoolWorker-4] core.tasks.every_10_sec[b47846b0-424c-4286-83e5-4b20eeedfa47]: result: 47
[2020-11-13 18:32:47,163: INFO/MainProcess] Received task: core.tasks.every_10_sec[ee9037fe-0228-464d-9c5b-c31cd3025dfb]  
[2020-11-13 18:32:47,164: INFO/ForkPoolWorker-3] Task core.tasks.every_10_sec[3e4919ad-b2be-47e1-9eff-f855857140c9] succeeded in 0.003652899999906367s: 108
[2020-11-13 18:32:47,164: INFO/ForkPoolWorker-4] Task core.tasks.every_10_sec[b47846b0-424c-4286-83e5-4b20eeedfa47] succeeded in 0.00337519999993674s: 47
[2020-11-13 18:32:47,165: INFO/MainProcess] Received task: core.tasks.every_10_sec[c87bb8a0-b299-4a88-988d-68eb28cb944a]  
[2020-11-13 18:32:47,166: INFO/MainProcess] Received task: core.tasks.every_30_sec[27703b06-cd33-4372-8a6a-3d3a9b5d29b4]  
[2020-11-13 18:32:47,168: INFO/MainProcess] Received task: core.tasks.every_10_sec[2e55ca0d-4b4a-4097-b633-850ee13780f8]  
[2020-11-13 18:32:47,169: INFO/ForkPoolWorker-3] core.tasks.every_10_sec[ec4cd8af-c775-45bc-8e9b-9fd9ed763aca]: Run every 10sec methods
[2020-11-13 18:32:47,169: INFO/ForkPoolWorker-2] core.tasks.every_30_sec[bdfd9647-047c-4031-afdc-14dc75b459f5]: Run every 30sec methods
[2020-11-13 18:32:47,169: INFO/ForkPoolWorker-1] core.tasks.every_10_sec[f98e8b19-236e-4c59-9c2a-b20384988069]: Run every 10sec methods
[2020-11-13 18:32:47,170: INFO/ForkPoolWorker-4] core.tasks.every_10_sec[0277126a-3a8c-45a8-ae4c-70cd02777ffe]: Run every 10sec methods
[2020-11-13 18:32:47,170: INFO/ForkPoolWorker-2] core.tasks.every_30_sec[bdfd9647-047c-4031-afdc-14dc75b459f5]: result: 41
[2020-11-13 18:32:47,170: INFO/ForkPoolWorker-3] core.tasks.every_10_sec[ec4cd8af-c775-45bc-8e9b-9fd9ed763aca]: result: 170
[2020-11-13 18:32:47,171: INFO/ForkPoolWorker-1] core.tasks.every_10_sec[f98e8b19-236e-4c59-9c2a-b20384988069]: result: 91
[2020-11-13 18:32:47,172: INFO/ForkPoolWorker-2] Task core.tasks.every_30_sec[bdfd9647-047c-4031-afdc-14dc75b459f5] succeeded in 0.0029281000001901702s: 41
[2020-11-13 18:32:47,171: INFO/ForkPoolWorker-4] core.tasks.every_10_sec[0277126a-3a8c-45a8-ae4c-70cd02777ffe]: result: 126
[2020-11-13 18:32:47,172: INFO/ForkPoolWorker-1] Task core.tasks.every_10_sec[f98e8b19-236e-4c59-9c2a-b20384988069] succeeded in 0.003617399999711779s: 91
[2020-11-13 18:32:47,172: INFO/ForkPoolWorker-3] Task core.tasks.every_10_sec[ec4cd8af-c775-45bc-8e9b-9fd9ed763aca] succeeded in 0.0033054999998967105s: 170
[2020-11-13 18:32:47,173: INFO/ForkPoolWorker-4] Task core.tasks.every_10_sec[0277126a-3a8c-45a8-ae4c-70cd02777ffe] succeeded in 0.0036576999996214s: 126
[2020-11-13 18:32:47,174: INFO/MainProcess] Received task: core.tasks.every_10_sec[8c340ac5-b1f6-4b83-8309-b5ae089e9266]  
[2020-11-13 18:32:47,175: INFO/MainProcess] Received task: core.tasks.every_10_sec[74671d43-8f36-4d5c-905d-ec6c3234f154]  
[2020-11-13 18:32:47,176: INFO/MainProcess] Received task: core.tasks.every_30_sec[799c2b95-5b1b-44bf-8348-383566bb4f96]  
[2020-11-13 18:32:47,178: INFO/ForkPoolWorker-1] core.tasks.every_10_sec[ba3820a3-f913-4996-a5bd-7a10ec9c2a30]: Run every 10sec methods
[2020-11-13 18:32:47,178: INFO/ForkPoolWorker-2] core.tasks.every_30_sec[3a058c2f-58f9-448c-a06b-f85c96c0b2ec]: Run every 30sec methods
[2020-11-13 18:32:47,178: INFO/MainProcess] Received task: core.tasks.every_10_sec[e4026822-9e04-4ea4-92b9-78c493833d17]  
[2020-11-13 18:32:47,179: INFO/ForkPoolWorker-4] core.tasks.every_10_sec[6aa56ddf-a3fc-483b-b9b7-009cdfc6e1e1]: Run every 10sec methods
[2020-11-13 18:32:47,178: INFO/ForkPoolWorker-3] core.tasks.every_10_sec[1baac484-69f1-4f12-8552-88ded541bb51]: Run every 10sec methods
[2020-11-13 18:32:47,179: INFO/ForkPoolWorker-1] core.tasks.every_10_sec[ba3820a3-f913-4996-a5bd-7a10ec9c2a30]: result: 72
[2020-11-13 18:32:47,179: INFO/ForkPoolWorker-2] core.tasks.every_30_sec[3a058c2f-58f9-448c-a06b-f85c96c0b2ec]: result: 37
[2020-11-13 18:32:47,180: INFO/ForkPoolWorker-3] core.tasks.every_10_sec[1baac484-69f1-4f12-8552-88ded541bb51]: result: 147
[2020-11-13 18:32:47,182: INFO/MainProcess] Received task: core.tasks.every_10_sec[31402b5f-aef0-4ea8-a9da-4dad6482ffef]  
[2020-11-13 18:32:47,180: INFO/ForkPoolWorker-4] core.tasks.every_10_sec[6aa56ddf-a3fc-483b-b9b7-009cdfc6e1e1]: result: 187
[2020-11-13 18:32:47,182: INFO/ForkPoolWorker-1] Task core.tasks.every_10_sec[ba3820a3-f913-4996-a5bd-7a10ec9c2a30] succeeded in 0.0039251000002877845s: 72
[2020-11-13 18:32:47,182: INFO/ForkPoolWorker-3] Task core.tasks.every_10_sec[1baac484-69f1-4f12-8552-88ded541bb51] succeeded in 0.004296699999940756s: 147
[2020-11-13 18:32:47,182: INFO/ForkPoolWorker-2] Task core.tasks.every_30_sec[3a058c2f-58f9-448c-a06b-f85c96c0b2ec] succeeded in 0.004202799999802664s: 37
[2020-11-13 18:32:47,184: INFO/MainProcess] Received task: core.tasks.every_10_sec[c0b05bea-6011-4de4-9e58-53ee3bc0de8d]  
[2020-11-13 18:32:47,184: INFO/ForkPoolWorker-4] Task core.tasks.every_10_sec[6aa56ddf-a3fc-483b-b9b7-009cdfc6e1e1] succeeded in 0.005302199999732693s: 187
[2020-11-13 18:32:47,185: INFO/MainProcess] Received task: core.tasks.every_30_sec[9022d4ea-180f-4b1d-b5b7-71c387b15ea2]  
[2020-11-13 18:32:47,186: INFO/MainProcess] Received task: core.tasks.every_10_sec[b5ff97d3-1e5a-47c6-afdf-ca861c92dd2f]  
[2020-11-13 18:32:47,188: INFO/ForkPoolWorker-3] core.tasks.every_10_sec[d911e7cd-d8a5-4e20-a74c-1a6b70d83feb]: Run every 10sec methods
[2020-11-13 18:32:47,188: INFO/ForkPoolWorker-1] core.tasks.every_10_sec[03183338-575e-4040-96f4-c776c50bd5d9]: Run every 10sec methods
[2020-11-13 18:32:47,188: INFO/ForkPoolWorker-2] core.tasks.every_30_sec[2f61aba8-4e5e-4717-b6bf-ab9911205c8e]: Run every 30sec methods
[2020-11-13 18:32:47,190: INFO/MainProcess] Received task: core.tasks.every_10_sec[dc361451-d542-41ba-9caa-5e7b01d78698]  
[2020-11-13 18:32:47,190: INFO/ForkPoolWorker-3] core.tasks.every_10_sec[d911e7cd-d8a5-4e20-a74c-1a6b70d83feb]: result: 96
[2020-11-13 18:32:47,189: INFO/ForkPoolWorker-4] core.tasks.every_10_sec[b8e158d2-b8f8-4c9f-a90e-377ea19ecd7b]: Run every 10sec methods
[2020-11-13 18:32:47,191: INFO/ForkPoolWorker-2] core.tasks.every_30_sec[2f61aba8-4e5e-4717-b6bf-ab9911205c8e]: result: 29
[2020-11-13 18:32:47,191: INFO/ForkPoolWorker-3] Task core.tasks.every_10_sec[d911e7cd-d8a5-4e20-a74c-1a6b70d83feb] succeeded in 0.0035899999998036947s: 96
[2020-11-13 18:32:47,190: INFO/ForkPoolWorker-1] core.tasks.every_10_sec[03183338-575e-4040-96f4-c776c50bd5d9]: result: 114
[2020-11-13 18:32:47,192: INFO/MainProcess] Received task: core.tasks.every_10_sec[575ac169-1545-4808-95ba-5ee5cd75b717]  
[2020-11-13 18:32:47,191: INFO/ForkPoolWorker-4] core.tasks.every_10_sec[b8e158d2-b8f8-4c9f-a90e-377ea19ecd7b]: result: 117
[2020-11-13 18:32:47,192: INFO/ForkPoolWorker-2] Task core.tasks.every_30_sec[2f61aba8-4e5e-4717-b6bf-ab9911205c8e] succeeded in 0.0040536000001338834s: 29
[2020-11-13 18:32:47,193: INFO/ForkPoolWorker-1] Task core.tasks.every_10_sec[03183338-575e-4040-96f4-c776c50bd5d9] succeeded in 0.004924900000332855s: 114
[2020-11-13 18:32:47,193: INFO/ForkPoolWorker-4] Task core.tasks.every_10_sec[b8e158d2-b8f8-4c9f-a90e-377ea19ecd7b] succeeded in 0.003962299999784591s: 117
[2020-11-13 18:32:47,193: INFO/MainProcess] Received task: core.tasks.every_30_sec[c48ba58d-7a62-4e2d-a8be-b4f8336d24f0]  
[2020-11-13 18:32:47,195: INFO/MainProcess] Received task: core.tasks.every_10_sec[149446a2-385c-4e20-aecf-f424bf492428]  
[2020-11-13 18:32:47,196: INFO/ForkPoolWorker-1] core.tasks.every_10_sec[ee9037fe-0228-464d-9c5b-c31cd3025dfb]: Run every 10sec methods
[2020-11-13 18:32:47,196: INFO/ForkPoolWorker-3] core.tasks.every_10_sec[c87bb8a0-b299-4a88-988d-68eb28cb944a]: Run every 10sec methods
[2020-11-13 18:32:47,197: INFO/ForkPoolWorker-2] core.tasks.every_30_sec[27703b06-cd33-4372-8a6a-3d3a9b5d29b4]: Run every 30sec methods
[2020-11-13 18:32:47,198: INFO/ForkPoolWorker-4] core.tasks.every_10_sec[2e55ca0d-4b4a-4097-b633-850ee13780f8]: Run every 10sec methods
[2020-11-13 18:32:47,198: INFO/MainProcess] Received task: core.tasks.every_10_sec[27f9201d-c4ca-47e0-942e-aeb9979680d3]  
[2020-11-13 18:32:47,197: INFO/ForkPoolWorker-1] core.tasks.every_10_sec[ee9037fe-0228-464d-9c5b-c31cd3025dfb]: result: 120
[2020-11-13 18:32:47,199: INFO/ForkPoolWorker-3] core.tasks.every_10_sec[c87bb8a0-b299-4a88-988d-68eb28cb944a]: result: 60
[2020-11-13 18:32:47,199: INFO/ForkPoolWorker-2] core.tasks.every_30_sec[27703b06-cd33-4372-8a6a-3d3a9b5d29b4]: result: 121
[2020-11-13 18:32:47,200: INFO/ForkPoolWorker-1] Task core.tasks.every_10_sec[ee9037fe-0228-464d-9c5b-c31cd3025dfb] succeeded in 0.003490900000088004s: 120
[2020-11-13 18:32:47,199: INFO/ForkPoolWorker-4] core.tasks.every_10_sec[2e55ca0d-4b4a-4097-b633-850ee13780f8]: result: 100
[2020-11-13 18:32:47,200: INFO/MainProcess] Received task: core.tasks.every_10_sec[e3deb64c-92e1-47a0-b3f9-608da6998ca7]  
[2020-11-13 18:32:47,200: INFO/ForkPoolWorker-3] Task core.tasks.every_10_sec[c87bb8a0-b299-4a88-988d-68eb28cb944a] succeeded in 0.003792700000303739s: 60
[2020-11-13 18:32:47,200: INFO/ForkPoolWorker-2] Task core.tasks.every_30_sec[27703b06-cd33-4372-8a6a-3d3a9b5d29b4] succeeded in 0.0038552000000890985s: 121
[2020-11-13 18:32:47,201: INFO/ForkPoolWorker-4] Task core.tasks.every_10_sec[2e55ca0d-4b4a-4097-b633-850ee13780f8] succeeded in 0.003359899999850313s: 100
[2020-11-13 18:32:47,203: INFO/MainProcess] Received task: core.tasks.every_30_sec[f24a18f1-cb4c-426b-b95e-9f6031e946e5]  
[2020-11-13 18:32:47,204: INFO/MainProcess] Received task: core.tasks.every_10_sec[c293508c-0e67-4b37-a87b-3619d29dab46]  
[2020-11-13 18:32:47,206: INFO/ForkPoolWorker-3] core.tasks.every_10_sec[74671d43-8f36-4d5c-905d-ec6c3234f154]: Run every 10sec methods
[2020-11-13 18:32:47,206: INFO/ForkPoolWorker-2] core.tasks.every_30_sec[799c2b95-5b1b-44bf-8348-383566bb4f96]: Run every 30sec methods
[2020-11-13 18:32:47,206: INFO/ForkPoolWorker-1] core.tasks.every_10_sec[8c340ac5-b1f6-4b83-8309-b5ae089e9266]: Run every 10sec methods
[2020-11-13 18:32:47,207: INFO/ForkPoolWorker-2] core.tasks.every_30_sec[799c2b95-5b1b-44bf-8348-383566bb4f96]: result: 107
[2020-11-13 18:32:47,207: INFO/ForkPoolWorker-3] core.tasks.every_10_sec[74671d43-8f36-4d5c-905d-ec6c3234f154]: result: 96
[2020-11-13 18:32:47,208: INFO/ForkPoolWorker-2] Task core.tasks.every_30_sec[799c2b95-5b1b-44bf-8348-383566bb4f96] succeeded in 0.0019996000000901404s: 107
[2020-11-13 18:32:47,208: INFO/ForkPoolWorker-4] core.tasks.every_10_sec[e4026822-9e04-4ea4-92b9-78c493833d17]: Run every 10sec methods
[2020-11-13 18:32:47,207: INFO/ForkPoolWorker-1] core.tasks.every_10_sec[8c340ac5-b1f6-4b83-8309-b5ae089e9266]: result: 79
[2020-11-13 18:32:47,208: INFO/ForkPoolWorker-3] Task core.tasks.every_10_sec[74671d43-8f36-4d5c-905d-ec6c3234f154] succeeded in 0.0027451999999357213s: 96
[2020-11-13 18:32:47,209: INFO/ForkPoolWorker-4] core.tasks.every_10_sec[e4026822-9e04-4ea4-92b9-78c493833d17]: result: 34
[2020-11-13 18:32:47,209: INFO/ForkPoolWorker-1] Task core.tasks.every_10_sec[8c340ac5-b1f6-4b83-8309-b5ae089e9266] succeeded in 0.003356500000336382s: 79
[2020-11-13 18:32:47,209: INFO/MainProcess] Received task: core.tasks.every_10_sec[76547335-5c31-49c2-8973-ee386cd88c37]  
[2020-11-13 18:32:47,210: INFO/ForkPoolWorker-4] Task core.tasks.every_10_sec[e4026822-9e04-4ea4-92b9-78c493833d17] succeeded in 0.0024386000000049535s: 34
[2020-11-13 18:32:47,211: INFO/MainProcess] Received task: core.tasks.every_10_sec[28d06d7a-2528-4be7-9933-e6b3dac9eca4]  
[2020-11-13 18:32:47,212: INFO/MainProcess] Received task: core.tasks.every_30_sec[aa8f9a38-1f03-4e30-87f8-c6c170fa4849]  
[2020-11-13 18:32:47,214: INFO/MainProcess] Received task: core.tasks.every_10_sec[a0059b47-3cbb-4123-ab38-0774d8da26de]  
[2020-11-13 18:32:47,215: INFO/ForkPoolWorker-3] core.tasks.every_10_sec[c0b05bea-6011-4de4-9e58-53ee3bc0de8d]: Run every 10sec methods
[2020-11-13 18:32:47,215: INFO/ForkPoolWorker-1] core.tasks.every_10_sec[31402b5f-aef0-4ea8-a9da-4dad6482ffef]: Run every 10sec methods
[2020-11-13 18:32:47,216: INFO/ForkPoolWorker-3] core.tasks.every_10_sec[c0b05bea-6011-4de4-9e58-53ee3bc0de8d]: result: 61
[2020-11-13 18:32:47,215: INFO/ForkPoolWorker-2] core.tasks.every_30_sec[9022d4ea-180f-4b1d-b5b7-71c387b15ea2]: Run every 30sec methods
[2020-11-13 18:32:47,216: INFO/ForkPoolWorker-4] core.tasks.every_10_sec[b5ff97d3-1e5a-47c6-afdf-ca861c92dd2f]: Run every 10sec methods
[2020-11-13 18:32:47,216: INFO/ForkPoolWorker-3] Task core.tasks.every_10_sec[c0b05bea-6011-4de4-9e58-53ee3bc0de8d] succeeded in 0.0017781000001377834s: 61
[2020-11-13 18:32:47,216: INFO/ForkPoolWorker-1] core.tasks.every_10_sec[31402b5f-aef0-4ea8-a9da-4dad6482ffef]: result: 169
[2020-11-13 18:32:47,217: INFO/ForkPoolWorker-2] core.tasks.every_30_sec[9022d4ea-180f-4b1d-b5b7-71c387b15ea2]: result: 54
[2020-11-13 18:32:47,218: INFO/ForkPoolWorker-1] Task core.tasks.every_10_sec[31402b5f-aef0-4ea8-a9da-4dad6482ffef] succeeded in 0.0030885000001035223s: 169
[2020-11-13 18:32:47,217: INFO/ForkPoolWorker-4] core.tasks.every_10_sec[b5ff97d3-1e5a-47c6-afdf-ca861c92dd2f]: result: 100
[2020-11-13 18:32:47,218: INFO/MainProcess] Received task: core.tasks.every_10_sec[de6b0615-23a6-4d9e-b66e-5bbd261cff7b]  
[2020-11-13 18:32:47,218: INFO/ForkPoolWorker-2] Task core.tasks.every_30_sec[9022d4ea-180f-4b1d-b5b7-71c387b15ea2] succeeded in 0.003497299999708048s: 54
[2020-11-13 18:32:47,219: INFO/ForkPoolWorker-4] Task core.tasks.every_10_sec[b5ff97d3-1e5a-47c6-afdf-ca861c92dd2f] succeeded in 0.0025673999998616637s: 100
[2020-11-13 18:32:47,220: INFO/MainProcess] Received task: core.tasks.every_10_sec[70bee848-5d9b-4ee7-8bfd-b23395d85880]  
[2020-11-13 18:32:47,221: INFO/MainProcess] Received task: core.tasks.every_30_sec[a6e7d89f-470c-46df-9ad4-bf62c32e21b7]  
[2020-11-13 18:32:47,222: INFO/MainProcess] Received task: core.tasks.every_10_sec[5614e2d7-a720-4a61-8234-5bfc2a7194ce]  
[2020-11-13 18:32:47,223: INFO/ForkPoolWorker-2] core.tasks.every_30_sec[c48ba58d-7a62-4e2d-a8be-b4f8336d24f0]: Run every 30sec methods
[2020-11-13 18:32:47,223: INFO/ForkPoolWorker-1] core.tasks.every_10_sec[dc361451-d542-41ba-9caa-5e7b01d78698]: Run every 10sec methods
[2020-11-13 18:32:47,224: INFO/ForkPoolWorker-2] core.tasks.every_30_sec[c48ba58d-7a62-4e2d-a8be-b4f8336d24f0]: result: 69
[2020-11-13 18:32:47,223: INFO/ForkPoolWorker-3] core.tasks.every_10_sec[575ac169-1545-4808-95ba-5ee5cd75b717]: Run every 10sec methods
[2020-11-13 18:32:47,225: INFO/ForkPoolWorker-2] Task core.tasks.every_30_sec[c48ba58d-7a62-4e2d-a8be-b4f8336d24f0] succeeded in 0.0016067999999904714s: 69
[2020-11-13 18:32:47,225: INFO/ForkPoolWorker-1] core.tasks.every_10_sec[dc361451-d542-41ba-9caa-5e7b01d78698]: result: 94
[2020-11-13 18:32:47,225: INFO/ForkPoolWorker-4] core.tasks.every_10_sec[149446a2-385c-4e20-aecf-f424bf492428]: Run every 10sec methods
[2020-11-13 18:32:47,225: INFO/ForkPoolWorker-3] core.tasks.every_10_sec[575ac169-1545-4808-95ba-5ee5cd75b717]: result: 76
[2020-11-13 18:32:47,226: INFO/ForkPoolWorker-1] Task core.tasks.every_10_sec[dc361451-d542-41ba-9caa-5e7b01d78698] succeeded in 0.0029331999999158143s: 94
[2020-11-13 18:32:47,226: INFO/ForkPoolWorker-4] core.tasks.every_10_sec[149446a2-385c-4e20-aecf-f424bf492428]: result: 50
[2020-11-13 18:32:47,227: INFO/ForkPoolWorker-3] Task core.tasks.every_10_sec[575ac169-1545-4808-95ba-5ee5cd75b717] succeeded in 0.0034667999998418964s: 76
[2020-11-13 18:32:47,227: INFO/MainProcess] Received task: core.tasks.every_10_sec[abdeef21-a89e-4aad-8f78-18902542894c]  
[2020-11-13 18:32:47,227: INFO/ForkPoolWorker-4] Task core.tasks.every_10_sec[149446a2-385c-4e20-aecf-f424bf492428] succeeded in 0.002234900000075868s: 50
[2020-11-13 18:32:47,228: INFO/MainProcess] Received task: core.tasks.every_10_sec[4257b789-12fd-4e98-865f-67e0f018242e]  
[2020-11-13 18:32:47,230: INFO/MainProcess] Received task: core.tasks.every_30_sec[6c3396b5-021a-462e-bf23-2089e2aa5dd7]  
[2020-11-13 18:32:47,231: INFO/MainProcess] Received task: core.tasks.every_10_sec[76394f70-bf60-494e-b985-55ee506187e0]  
[2020-11-13 18:32:47,232: INFO/ForkPoolWorker-1] core.tasks.every_10_sec[27f9201d-c4ca-47e0-942e-aeb9979680d3]: Run every 10sec methods
[2020-11-13 18:32:47,233: INFO/ForkPoolWorker-3] core.tasks.every_10_sec[e3deb64c-92e1-47a0-b3f9-608da6998ca7]: Run every 10sec methods
[2020-11-13 18:32:47,233: INFO/ForkPoolWorker-2] core.tasks.every_30_sec[f24a18f1-cb4c-426b-b95e-9f6031e946e5]: Run every 30sec methods
[2020-11-13 18:32:47,234: INFO/ForkPoolWorker-3] core.tasks.every_10_sec[e3deb64c-92e1-47a0-b3f9-608da6998ca7]: result: 80
[2020-11-13 18:32:47,233: INFO/ForkPoolWorker-4] core.tasks.every_10_sec[c293508c-0e67-4b37-a87b-3619d29dab46]: Run every 10sec methods
[2020-11-13 18:32:47,233: INFO/ForkPoolWorker-1] core.tasks.every_10_sec[27f9201d-c4ca-47e0-942e-aeb9979680d3]: result: 107
[2020-11-13 18:32:47,235: INFO/ForkPoolWorker-3] Task core.tasks.every_10_sec[e3deb64c-92e1-47a0-b3f9-608da6998ca7] succeeded in 0.0021379999998316634s: 80
[2020-11-13 18:32:47,234: INFO/ForkPoolWorker-2] core.tasks.every_30_sec[f24a18f1-cb4c-426b-b95e-9f6031e946e5]: result: 61
[2020-11-13 18:32:47,235: INFO/ForkPoolWorker-4] core.tasks.every_10_sec[c293508c-0e67-4b37-a87b-3619d29dab46]: result: 90
[2020-11-13 18:32:47,235: INFO/ForkPoolWorker-1] Task core.tasks.every_10_sec[27f9201d-c4ca-47e0-942e-aeb9979680d3] succeeded in 0.0027492000003803696s: 107
[2020-11-13 18:32:47,236: INFO/ForkPoolWorker-2] Task core.tasks.every_30_sec[f24a18f1-cb4c-426b-b95e-9f6031e946e5] succeeded in 0.0032313000001522596s: 61
[2020-11-13 18:32:47,236: INFO/MainProcess] Received task: core.tasks.every_10_sec[9949fce5-5a10-4aa7-ac07-c34da37763a1]  
[2020-11-13 18:32:47,236: INFO/ForkPoolWorker-4] Task core.tasks.every_10_sec[c293508c-0e67-4b37-a87b-3619d29dab46] succeeded in 0.003466199999820674s: 90
[2020-11-13 18:32:47,237: INFO/MainProcess] Received task: core.tasks.every_10_sec[55839a60-3ee7-4ced-bea7-29a4a85d2d9c]  
[2020-11-13 18:32:47,238: INFO/MainProcess] Received task: core.tasks.every_30_sec[454398d7-289b-4210-8ffe-979a90bffa64]  
[2020-11-13 18:32:47,240: INFO/MainProcess] Received task: core.tasks.every_10_sec[e132fbcf-ab55-48e9-ab6a-ed7a34b9ea30]  
[2020-11-13 18:32:47,241: INFO/ForkPoolWorker-1] core.tasks.every_10_sec[76547335-5c31-49c2-8973-ee386cd88c37]: Run every 10sec methods
[2020-11-13 18:32:47,241: INFO/ForkPoolWorker-3] core.tasks.every_10_sec[28d06d7a-2528-4be7-9933-e6b3dac9eca4]: Run every 10sec methods
[2020-11-13 18:32:47,242: INFO/ForkPoolWorker-4] core.tasks.every_10_sec[a0059b47-3cbb-4123-ab38-0774d8da26de]: Run every 10sec methods
[2020-11-13 18:32:47,242: INFO/ForkPoolWorker-1] core.tasks.every_10_sec[76547335-5c31-49c2-8973-ee386cd88c37]: result: 181
[2020-11-13 18:32:47,242: INFO/ForkPoolWorker-3] core.tasks.every_10_sec[28d06d7a-2528-4be7-9933-e6b3dac9eca4]: result: 84
[2020-11-13 18:32:47,243: INFO/ForkPoolWorker-4] core.tasks.every_10_sec[a0059b47-3cbb-4123-ab38-0774d8da26de]: result: 145
[2020-11-13 18:32:47,243: INFO/ForkPoolWorker-1] Task core.tasks.every_10_sec[76547335-5c31-49c2-8973-ee386cd88c37] succeeded in 0.0022629999998571293s: 181
[2020-11-13 18:32:47,243: INFO/ForkPoolWorker-3] Task core.tasks.every_10_sec[28d06d7a-2528-4be7-9933-e6b3dac9eca4] succeeded in 0.002378099999987171s: 84
[2020-11-13 18:32:47,244: INFO/ForkPoolWorker-4] Task core.tasks.every_10_sec[a0059b47-3cbb-4123-ab38-0774d8da26de] succeeded in 0.002416100000118604s: 145
[2020-11-13 18:32:47,241: INFO/ForkPoolWorker-2] core.tasks.every_30_sec[aa8f9a38-1f03-4e30-87f8-c6c170fa4849]: Run every 30sec methods
[2020-11-13 18:32:47,245: INFO/MainProcess] Received task: core.tasks.every_10_sec[f2d8c4ba-5733-4b6a-af28-ab68d1fd270f]  
[2020-11-13 18:32:47,245: INFO/ForkPoolWorker-2] core.tasks.every_30_sec[aa8f9a38-1f03-4e30-87f8-c6c170fa4849]: result: 109
[2020-11-13 18:32:47,246: INFO/ForkPoolWorker-2] Task core.tasks.every_30_sec[aa8f9a38-1f03-4e30-87f8-c6c170fa4849] succeeded in 0.004631400000107533s: 109
[2020-11-13 18:32:47,246: INFO/MainProcess] Received task: core.tasks.every_10_sec[2bfd2141-eb91-4f1a-a055-0858a1ef2b8e]  
[2020-11-13 18:32:47,247: INFO/MainProcess] Received task: core.tasks.every_30_sec[608b121a-481e-4f4f-ac93-4fe8dd0471dc]  
[2020-11-13 18:32:47,248: INFO/MainProcess] Received task: core.tasks.every_10_sec[03da5b41-5eaa-4f6b-86bb-dfa551af1b0b]  
[2020-11-13 18:32:47,250: INFO/ForkPoolWorker-3] core.tasks.every_10_sec[70bee848-5d9b-4ee7-8bfd-b23395d85880]: Run every 10sec methods
[2020-11-13 18:32:47,250: INFO/ForkPoolWorker-2] core.tasks.every_30_sec[a6e7d89f-470c-46df-9ad4-bf62c32e21b7]: Run every 30sec methods
[2020-11-13 18:32:47,250: INFO/ForkPoolWorker-1] core.tasks.every_10_sec[de6b0615-23a6-4d9e-b66e-5bbd261cff7b]: Run every 10sec methods
[2020-11-13 18:32:47,250: INFO/ForkPoolWorker-3] core.tasks.every_10_sec[70bee848-5d9b-4ee7-8bfd-b23395d85880]: result: 182
[2020-11-13 18:32:47,251: INFO/ForkPoolWorker-2] core.tasks.every_30_sec[a6e7d89f-470c-46df-9ad4-bf62c32e21b7]: result: 84
[2020-11-13 18:32:47,253: INFO/MainProcess] Received task: core.tasks.every_10_sec[5d5f16ae-c796-4ff7-990d-172ad19d9e40]  
[2020-11-13 18:32:47,253: INFO/ForkPoolWorker-1] core.tasks.every_10_sec[de6b0615-23a6-4d9e-b66e-5bbd261cff7b]: result: 88
[2020-11-13 18:32:47,253: INFO/ForkPoolWorker-3] Task core.tasks.every_10_sec[70bee848-5d9b-4ee7-8bfd-b23395d85880] succeeded in 0.0037453999998433574s: 182
[2020-11-13 18:32:47,254: INFO/ForkPoolWorker-2] Task core.tasks.every_30_sec[a6e7d89f-470c-46df-9ad4-bf62c32e21b7] succeeded in 0.004030499999771564s: 84
[2020-11-13 18:32:47,254: INFO/ForkPoolWorker-1] Task core.tasks.every_10_sec[de6b0615-23a6-4d9e-b66e-5bbd261cff7b] succeeded in 0.0048928999999589s: 88
[2020-11-13 18:32:47,254: INFO/MainProcess] Received task: core.tasks.every_10_sec[c19824f8-b588-4b2b-b230-8fe0e7eb22ae]  
[2020-11-13 18:32:47,256: INFO/MainProcess] Received task: core.tasks.every_30_sec[b465c789-5370-4fa6-a7b9-84bbc8f0c022]  
[2020-11-13 18:32:47,250: INFO/ForkPoolWorker-4] core.tasks.every_10_sec[5614e2d7-a720-4a61-8234-5bfc2a7194ce]: Run every 10sec methods
[2020-11-13 18:32:47,257: INFO/ForkPoolWorker-4] core.tasks.every_10_sec[5614e2d7-a720-4a61-8234-5bfc2a7194ce]: result: 88
[2020-11-13 18:32:47,258: INFO/ForkPoolWorker-4] Task core.tasks.every_10_sec[5614e2d7-a720-4a61-8234-5bfc2a7194ce] succeeded in 0.00817589999996926s: 88
[2020-11-13 18:32:47,259: INFO/MainProcess] Received task: core.tasks.every_10_sec[109187b8-a598-4d43-8b64-5d8cccd6d358]  
[2020-11-13 18:32:47,261: INFO/ForkPoolWorker-1] core.tasks.every_10_sec[abdeef21-a89e-4aad-8f78-18902542894c]: Run every 10sec methods
[2020-11-13 18:32:47,261: INFO/ForkPoolWorker-2] core.tasks.every_30_sec[6c3396b5-021a-462e-bf23-2089e2aa5dd7]: Run every 30sec methods
[2020-11-13 18:32:47,261: INFO/ForkPoolWorker-1] core.tasks.every_10_sec[abdeef21-a89e-4aad-8f78-18902542894c]: result: 31
[2020-11-13 18:32:47,262: INFO/ForkPoolWorker-4] core.tasks.every_10_sec[76394f70-bf60-494e-b985-55ee506187e0]: Run every 10sec methods
[2020-11-13 18:32:47,263: INFO/ForkPoolWorker-1] Task core.tasks.every_10_sec[abdeef21-a89e-4aad-8f78-18902542894c] succeeded in 0.002317800000128045s: 31
[2020-11-13 18:32:47,263: INFO/ForkPoolWorker-4] core.tasks.every_10_sec[76394f70-bf60-494e-b985-55ee506187e0]: result: 124
[2020-11-13 18:32:47,261: INFO/ForkPoolWorker-3] core.tasks.every_10_sec[4257b789-12fd-4e98-865f-67e0f018242e]: Run every 10sec methods
[2020-11-13 18:32:47,264: INFO/MainProcess] Received task: core.tasks.every_10_sec[36019a57-738c-447c-b0fd-78d7bbca1aff]  
[2020-11-13 18:32:47,262: INFO/ForkPoolWorker-2] core.tasks.every_30_sec[6c3396b5-021a-462e-bf23-2089e2aa5dd7]: result: 15
[2020-11-13 18:32:47,264: INFO/ForkPoolWorker-4] Task core.tasks.every_10_sec[76394f70-bf60-494e-b985-55ee506187e0] succeeded in 0.001770200000009936s: 124
[2020-11-13 18:32:47,264: INFO/ForkPoolWorker-3] core.tasks.every_10_sec[4257b789-12fd-4e98-865f-67e0f018242e]: result: 52
[2020-11-13 18:32:47,265: INFO/ForkPoolWorker-2] Task core.tasks.every_30_sec[6c3396b5-021a-462e-bf23-2089e2aa5dd7] succeeded in 0.00417970000034984s: 15
[2020-11-13 18:32:47,266: INFO/MainProcess] Received task: core.tasks.every_10_sec[60e8ec9f-fd36-4235-a44a-d9608ef0b030]  
[2020-11-13 18:32:47,266: INFO/ForkPoolWorker-3] Task core.tasks.every_10_sec[4257b789-12fd-4e98-865f-67e0f018242e] succeeded in 0.005679599999893981s: 52
[2020-11-13 18:32:47,267: INFO/MainProcess] Received task: core.tasks.every_30_sec[1a8e1157-c087-4371-af2d-6b1d38bdf844]  
[2020-11-13 18:32:47,269: INFO/MainProcess] Received task: core.tasks.every_10_sec[77c8b695-1bdd-4697-8220-8269f8b893d4]  
[2020-11-13 18:32:47,270: INFO/ForkPoolWorker-3] core.tasks.every_10_sec[55839a60-3ee7-4ced-bea7-29a4a85d2d9c]: Run every 10sec methods
[2020-11-13 18:32:47,270: INFO/ForkPoolWorker-1] core.tasks.every_10_sec[9949fce5-5a10-4aa7-ac07-c34da37763a1]: Run every 10sec methods
[2020-11-13 18:32:47,270: INFO/ForkPoolWorker-2] core.tasks.every_30_sec[454398d7-289b-4210-8ffe-979a90bffa64]: Run every 30sec methods
[2020-11-13 18:32:47,271: INFO/ForkPoolWorker-3] core.tasks.every_10_sec[55839a60-3ee7-4ced-bea7-29a4a85d2d9c]: result: 100
[2020-11-13 18:32:47,271: INFO/ForkPoolWorker-1] core.tasks.every_10_sec[9949fce5-5a10-4aa7-ac07-c34da37763a1]: result: 97
[2020-11-13 18:32:47,272: INFO/ForkPoolWorker-2] core.tasks.every_30_sec[454398d7-289b-4210-8ffe-979a90bffa64]: result: 97
[2020-11-13 18:32:47,272: INFO/ForkPoolWorker-3] Task core.tasks.every_10_sec[55839a60-3ee7-4ced-bea7-29a4a85d2d9c] succeeded in 0.0022297999998954765s: 100
[2020-11-13 18:32:47,271: INFO/ForkPoolWorker-4] core.tasks.every_10_sec[e132fbcf-ab55-48e9-ab6a-ed7a34b9ea30]: Run every 10sec methods
[2020-11-13 18:32:47,273: INFO/ForkPoolWorker-2] Task core.tasks.every_30_sec[454398d7-289b-4210-8ffe-979a90bffa64] succeeded in 0.002735300000040297s: 97
[2020-11-13 18:32:47,273: INFO/ForkPoolWorker-4] core.tasks.every_10_sec[e132fbcf-ab55-48e9-ab6a-ed7a34b9ea30]: result: 104
[2020-11-13 18:32:47,272: INFO/ForkPoolWorker-1] Task core.tasks.every_10_sec[9949fce5-5a10-4aa7-ac07-c34da37763a1] succeeded in 0.0025974000000132946s: 97
[2020-11-13 18:32:47,274: INFO/ForkPoolWorker-4] Task core.tasks.every_10_sec[e132fbcf-ab55-48e9-ab6a-ed7a34b9ea30] succeeded in 0.0027758999999605294s: 104
[2020-11-13 18:32:47,273: INFO/MainProcess] Received task: core.tasks.every_10_sec[bb58cc04-7268-44a0-9264-b2525a20df6e]  
[2020-11-13 18:32:47,276: INFO/MainProcess] Received task: core.tasks.every_10_sec[0d9ef1ea-d905-42bb-81e5-dbb975fe9a64]  
[2020-11-13 18:32:47,277: INFO/MainProcess] Received task: core.tasks.every_30_sec[79bbacb4-a495-434b-bbbe-f321991892a5]  
[2020-11-13 18:32:47,278: INFO/MainProcess] Received task: core.tasks.every_10_sec[26d15916-fb93-4cf3-93bd-6c4badbcf657]  
[2020-11-13 18:32:47,279: INFO/ForkPoolWorker-3] core.tasks.every_10_sec[2bfd2141-eb91-4f1a-a055-0858a1ef2b8e]: Run every 10sec methods
[2020-11-13 18:32:47,279: INFO/ForkPoolWorker-2] core.tasks.every_30_sec[608b121a-481e-4f4f-ac93-4fe8dd0471dc]: Run every 30sec methods
[2020-11-13 18:32:47,279: INFO/ForkPoolWorker-1] core.tasks.every_10_sec[f2d8c4ba-5733-4b6a-af28-ab68d1fd270f]: Run every 10sec methods
[2020-11-13 18:32:47,281: INFO/ForkPoolWorker-4] core.tasks.every_10_sec[03da5b41-5eaa-4f6b-86bb-dfa551af1b0b]: Run every 10sec methods
[2020-11-13 18:32:47,281: INFO/ForkPoolWorker-1] core.tasks.every_10_sec[f2d8c4ba-5733-4b6a-af28-ab68d1fd270f]: result: 101
[2020-11-13 18:32:47,280: INFO/ForkPoolWorker-3] core.tasks.every_10_sec[2bfd2141-eb91-4f1a-a055-0858a1ef2b8e]: result: 118
[2020-11-13 18:32:47,282: INFO/ForkPoolWorker-1] Task core.tasks.every_10_sec[f2d8c4ba-5733-4b6a-af28-ab68d1fd270f] succeeded in 0.002967299999909301s: 101
[2020-11-13 18:32:47,281: INFO/ForkPoolWorker-2] core.tasks.every_30_sec[608b121a-481e-4f4f-ac93-4fe8dd0471dc]: result: 79
[2020-11-13 18:32:47,282: INFO/MainProcess] Received task: core.tasks.every_10_sec[535e91e4-cd35-44cb-b235-999db457b4c0]  
[2020-11-13 18:32:47,282: INFO/ForkPoolWorker-4] core.tasks.every_10_sec[03da5b41-5eaa-4f6b-86bb-dfa551af1b0b]: result: 70
[2020-11-13 18:32:47,283: INFO/ForkPoolWorker-3] Task core.tasks.every_10_sec[2bfd2141-eb91-4f1a-a055-0858a1ef2b8e] succeeded in 0.003458600000158185s: 118
[2020-11-13 18:32:47,283: INFO/ForkPoolWorker-2] Task core.tasks.every_30_sec[608b121a-481e-4f4f-ac93-4fe8dd0471dc] succeeded in 0.004007300000012037s: 79
[2020-11-13 18:32:47,283: INFO/ForkPoolWorker-4] Task core.tasks.every_10_sec[03da5b41-5eaa-4f6b-86bb-dfa551af1b0b] succeeded in 0.0029561999999714317s: 70
[2020-11-13 18:32:47,284: INFO/MainProcess] Received task: core.tasks.every_10_sec[48b35da9-bc33-4d0f-904c-59855fce38c3]  
[2020-11-13 18:32:47,285: INFO/MainProcess] Received task: core.tasks.every_30_sec[4eeed39c-576e-43df-8924-bcc5a624c5d8]  
[2020-11-13 18:32:47,287: INFO/MainProcess] Received task: core.tasks.every_10_sec[69c4ea8e-0bdf-4dbc-960c-8d18fdf44db6]  
[2020-11-13 18:32:47,288: INFO/ForkPoolWorker-1] core.tasks.every_10_sec[5d5f16ae-c796-4ff7-990d-172ad19d9e40]: Run every 10sec methods
[2020-11-13 18:32:47,288: INFO/ForkPoolWorker-3] core.tasks.every_10_sec[c19824f8-b588-4b2b-b230-8fe0e7eb22ae]: Run every 10sec methods
[2020-11-13 18:32:47,288: INFO/ForkPoolWorker-2] core.tasks.every_30_sec[b465c789-5370-4fa6-a7b9-84bbc8f0c022]: Run every 30sec methods
[2020-11-13 18:32:47,289: INFO/ForkPoolWorker-1] core.tasks.every_10_sec[5d5f16ae-c796-4ff7-990d-172ad19d9e40]: result: 96
[2020-11-13 18:32:47,289: INFO/ForkPoolWorker-3] core.tasks.every_10_sec[c19824f8-b588-4b2b-b230-8fe0e7eb22ae]: result: 30
[2020-11-13 18:32:47,289: INFO/ForkPoolWorker-2] core.tasks.every_30_sec[b465c789-5370-4fa6-a7b9-84bbc8f0c022]: result: 93
[2020-11-13 18:32:47,290: INFO/ForkPoolWorker-1] Task core.tasks.every_10_sec[5d5f16ae-c796-4ff7-990d-172ad19d9e40] succeeded in 0.0018199000001004606s: 96
[2020-11-13 18:32:47,290: INFO/ForkPoolWorker-3] Task core.tasks.every_10_sec[c19824f8-b588-4b2b-b230-8fe0e7eb22ae] succeeded in 0.0020929000002070097s: 30
[2020-11-13 18:32:47,291: INFO/ForkPoolWorker-4] core.tasks.every_10_sec[109187b8-a598-4d43-8b64-5d8cccd6d358]: Run every 10sec methods
[2020-11-13 18:32:47,291: INFO/ForkPoolWorker-2] Task core.tasks.every_30_sec[b465c789-5370-4fa6-a7b9-84bbc8f0c022] succeeded in 0.0025130999997600156s: 93
[2020-11-13 18:32:47,291: INFO/MainProcess] Received task: core.tasks.every_10_sec[7990d308-c6c6-4490-91e8-3d5d75007213]  
[2020-11-13 18:32:47,292: INFO/ForkPoolWorker-4] core.tasks.every_10_sec[109187b8-a598-4d43-8b64-5d8cccd6d358]: result: 134
[2020-11-13 18:32:47,292: INFO/ForkPoolWorker-4] Task core.tasks.every_10_sec[109187b8-a598-4d43-8b64-5d8cccd6d358] succeeded in 0.002349800000047253s: 134
[2020-11-13 18:32:47,293: INFO/MainProcess] Received task: core.tasks.every_10_sec[bcab148e-7a2b-4cf5-a43e-382f3be44b5c]  
[2020-11-13 18:32:47,294: INFO/MainProcess] Received task: core.tasks.every_30_sec[c3324d3e-50ad-44e0-ba0e-cba419e51902]  
[2020-11-13 18:32:47,295: INFO/MainProcess] Received task: core.tasks.every_10_sec[2fe183ed-966f-4ed8-8fdd-ad7291410432]  
[2020-11-13 18:32:47,296: INFO/ForkPoolWorker-3] core.tasks.every_10_sec[60e8ec9f-fd36-4235-a44a-d9608ef0b030]: Run every 10sec methods
[2020-11-13 18:32:47,296: INFO/ForkPoolWorker-1] core.tasks.every_10_sec[36019a57-738c-447c-b0fd-78d7bbca1aff]: Run every 10sec methods
[2020-11-13 18:32:47,297: INFO/ForkPoolWorker-2] core.tasks.every_30_sec[1a8e1157-c087-4371-af2d-6b1d38bdf844]: Run every 30sec methods
[2020-11-13 18:32:47,298: INFO/ForkPoolWorker-1] core.tasks.every_10_sec[36019a57-738c-447c-b0fd-78d7bbca1aff]: result: 49
[2020-11-13 18:32:47,297: INFO/ForkPoolWorker-3] core.tasks.every_10_sec[60e8ec9f-fd36-4235-a44a-d9608ef0b030]: result: 97
[2020-11-13 18:32:47,298: INFO/ForkPoolWorker-1] Task core.tasks.every_10_sec[36019a57-738c-447c-b0fd-78d7bbca1aff] succeeded in 0.0021290000004228204s: 49
[2020-11-13 18:32:47,298: INFO/ForkPoolWorker-2] core.tasks.every_30_sec[1a8e1157-c087-4371-af2d-6b1d38bdf844]: result: 80
[2020-11-13 18:32:47,299: INFO/ForkPoolWorker-3] Task core.tasks.every_10_sec[60e8ec9f-fd36-4235-a44a-d9608ef0b030] succeeded in 0.002469200000177807s: 97
[2020-11-13 18:32:47,299: INFO/ForkPoolWorker-4] core.tasks.every_10_sec[77c8b695-1bdd-4697-8220-8269f8b893d4]: Run every 10sec methods
[2020-11-13 18:32:47,300: INFO/ForkPoolWorker-2] Task core.tasks.every_30_sec[1a8e1157-c087-4371-af2d-6b1d38bdf844] succeeded in 0.0033307000003333087s: 80
[2020-11-13 18:32:47,300: INFO/MainProcess] Received task: core.tasks.every_10_sec[6311794b-9203-493e-bd5b-5b35340cf24e]  
[2020-11-13 18:32:47,300: INFO/ForkPoolWorker-4] core.tasks.every_10_sec[77c8b695-1bdd-4697-8220-8269f8b893d4]: result: 176
[2020-11-13 18:32:47,301: INFO/ForkPoolWorker-4] Task core.tasks.every_10_sec[77c8b695-1bdd-4697-8220-8269f8b893d4] succeeded in 0.002209199999924749s: 176
[2020-11-13 18:32:47,301: INFO/MainProcess] Received task: core.tasks.every_10_sec[00d25e0d-4589-4b8f-88e4-5cc14640b092]  
[2020-11-13 18:32:47,302: INFO/MainProcess] Received task: core.tasks.every_30_sec[37b4cc4c-2799-4a34-910e-fed06e6b16b4]  
[2020-11-13 18:32:47,304: INFO/MainProcess] Received task: core.tasks.every_10_sec[534e8366-66af-471d-ad88-19c2bef71274]  
[2020-11-13 18:32:47,305: INFO/ForkPoolWorker-1] core.tasks.every_10_sec[bb58cc04-7268-44a0-9264-b2525a20df6e]: Run every 10sec methods
[2020-11-13 18:32:47,306: INFO/ForkPoolWorker-4] core.tasks.every_10_sec[26d15916-fb93-4cf3-93bd-6c4badbcf657]: Run every 10sec methods
[2020-11-13 18:32:47,306: INFO/ForkPoolWorker-1] core.tasks.every_10_sec[bb58cc04-7268-44a0-9264-b2525a20df6e]: result: 163
[2020-11-13 18:32:47,305: INFO/ForkPoolWorker-3] core.tasks.every_10_sec[0d9ef1ea-d905-42bb-81e5-dbb975fe9a64]: Run every 10sec methods
[2020-11-13 18:32:47,307: INFO/ForkPoolWorker-1] Task core.tasks.every_10_sec[bb58cc04-7268-44a0-9264-b2525a20df6e] succeeded in 0.0018945000001622248s: 163
[2020-11-13 18:32:47,307: INFO/ForkPoolWorker-4] core.tasks.every_10_sec[26d15916-fb93-4cf3-93bd-6c4badbcf657]: result: 82
[2020-11-13 18:32:47,307: INFO/ForkPoolWorker-3] core.tasks.every_10_sec[0d9ef1ea-d905-42bb-81e5-dbb975fe9a64]: result: 11
[2020-11-13 18:32:47,307: INFO/ForkPoolWorker-2] core.tasks.every_30_sec[79bbacb4-a495-434b-bbbe-f321991892a5]: Run every 30sec methods
[2020-11-13 18:32:47,308: INFO/ForkPoolWorker-4] Task core.tasks.every_10_sec[26d15916-fb93-4cf3-93bd-6c4badbcf657] succeeded in 0.0023203999999168445s: 82
[2020-11-13 18:32:47,308: INFO/ForkPoolWorker-3] Task core.tasks.every_10_sec[0d9ef1ea-d905-42bb-81e5-dbb975fe9a64] succeeded in 0.0032621000000290223s: 11
[2020-11-13 18:32:47,309: INFO/ForkPoolWorker-2] core.tasks.every_30_sec[79bbacb4-a495-434b-bbbe-f321991892a5]: result: 136
[2020-11-13 18:32:47,310: INFO/ForkPoolWorker-2] Task core.tasks.every_30_sec[79bbacb4-a495-434b-bbbe-f321991892a5] succeeded in 0.003479800000150135s: 136
[2020-11-13 18:32:47,311: INFO/MainProcess] Received task: core.tasks.every_10_sec[07b1a4f4-90b8-4e4d-addf-208a97c95bd7]  
[2020-11-13 18:32:47,312: INFO/MainProcess] Received task: core.tasks.every_10_sec[2de0aa5f-6adf-4e41-9734-afaa58f60bdd]  
[2020-11-13 18:32:47,314: INFO/ForkPoolWorker-2] core.tasks.every_30_sec[4eeed39c-576e-43df-8924-bcc5a624c5d8]: Run every 30sec methods
[2020-11-13 18:32:47,314: INFO/ForkPoolWorker-1] core.tasks.every_10_sec[535e91e4-cd35-44cb-b235-999db457b4c0]: Run every 10sec methods
[2020-11-13 18:32:47,314: INFO/ForkPoolWorker-3] core.tasks.every_10_sec[48b35da9-bc33-4d0f-904c-59855fce38c3]: Run every 10sec methods
[2020-11-13 18:32:47,316: INFO/ForkPoolWorker-1] core.tasks.every_10_sec[535e91e4-cd35-44cb-b235-999db457b4c0]: result: 121
[2020-11-13 18:32:47,316: INFO/MainProcess] Received task: core.tasks.every_30_sec[ddb57a8d-8a34-4461-b003-2f3a962afa1b]  
[2020-11-13 18:32:47,315: INFO/ForkPoolWorker-2] core.tasks.every_30_sec[4eeed39c-576e-43df-8924-bcc5a624c5d8]: result: 70
[2020-11-13 18:32:47,317: INFO/ForkPoolWorker-1] Task core.tasks.every_10_sec[535e91e4-cd35-44cb-b235-999db457b4c0] succeeded in 0.00310540000009496s: 121
[2020-11-13 18:32:47,316: INFO/ForkPoolWorker-3] core.tasks.every_10_sec[48b35da9-bc33-4d0f-904c-59855fce38c3]: result: 122
[2020-11-13 18:32:47,317: INFO/ForkPoolWorker-2] Task core.tasks.every_30_sec[4eeed39c-576e-43df-8924-bcc5a624c5d8] succeeded in 0.0028640999998970074s: 70
[2020-11-13 18:32:47,318: INFO/ForkPoolWorker-3] Task core.tasks.every_10_sec[48b35da9-bc33-4d0f-904c-59855fce38c3] succeeded in 0.0034544000000096275s: 122
[2020-11-13 18:32:47,316: INFO/ForkPoolWorker-4] core.tasks.every_10_sec[69c4ea8e-0bdf-4dbc-960c-8d18fdf44db6]: Run every 10sec methods
[2020-11-13 18:32:47,318: INFO/MainProcess] Received task: core.tasks.every_10_sec[cf9da774-7dc5-400e-9d2f-010e8c610b9f]  
[2020-11-13 18:32:47,319: INFO/ForkPoolWorker-4] core.tasks.every_10_sec[69c4ea8e-0bdf-4dbc-960c-8d18fdf44db6]: result: 100
[2020-11-13 18:32:47,320: INFO/ForkPoolWorker-4] Task core.tasks.every_10_sec[69c4ea8e-0bdf-4dbc-960c-8d18fdf44db6] succeeded in 0.0034606000003805093s: 100
[2020-11-13 18:32:47,322: INFO/MainProcess] Received task: core.tasks.every_10_sec[401b19ed-2a6c-43d4-9375-4c57f8817e3b]  
[2020-11-13 18:32:47,323: INFO/ForkPoolWorker-3] core.tasks.every_10_sec[bcab148e-7a2b-4cf5-a43e-382f3be44b5c]: Run every 10sec methods
[2020-11-13 18:32:47,323: INFO/MainProcess] Received task: core.tasks.every_10_sec[d11aa4ba-1902-4fbc-a877-1cd7c2eda9c1]  
[2020-11-13 18:32:47,323: INFO/ForkPoolWorker-1] core.tasks.every_10_sec[7990d308-c6c6-4490-91e8-3d5d75007213]: Run every 10sec methods
[2020-11-13 18:32:47,323: INFO/ForkPoolWorker-2] core.tasks.every_30_sec[c3324d3e-50ad-44e0-ba0e-cba419e51902]: Run every 30sec methods
[2020-11-13 18:32:47,325: INFO/MainProcess] Received task: core.tasks.every_30_sec[b2fdb33e-7ac6-40f9-a430-5e7a30cd39db]  
[2020-11-13 18:32:47,325: INFO/ForkPoolWorker-1] core.tasks.every_10_sec[7990d308-c6c6-4490-91e8-3d5d75007213]: result: 123
[2020-11-13 18:32:47,327: INFO/ForkPoolWorker-1] Task core.tasks.every_10_sec[7990d308-c6c6-4490-91e8-3d5d75007213] succeeded in 0.00362859999995635s: 123
[2020-11-13 18:32:47,324: INFO/ForkPoolWorker-3] core.tasks.every_10_sec[bcab148e-7a2b-4cf5-a43e-382f3be44b5c]: result: 158
[2020-11-13 18:32:47,324: INFO/ForkPoolWorker-4] core.tasks.every_10_sec[2fe183ed-966f-4ed8-8fdd-ad7291410432]: Run every 10sec methods
[2020-11-13 18:32:47,327: INFO/MainProcess] Received task: core.tasks.every_10_sec[f798e9e3-8d5f-47ae-b100-c7afb902147b]  
[2020-11-13 18:32:47,326: INFO/ForkPoolWorker-2] core.tasks.every_30_sec[c3324d3e-50ad-44e0-ba0e-cba419e51902]: result: 83
[2020-11-13 18:32:47,328: INFO/ForkPoolWorker-3] Task core.tasks.every_10_sec[bcab148e-7a2b-4cf5-a43e-382f3be44b5c] succeeded in 0.004750900000090041s: 158
[2020-11-13 18:32:47,328: INFO/ForkPoolWorker-4] core.tasks.every_10_sec[2fe183ed-966f-4ed8-8fdd-ad7291410432]: result: 113
[2020-11-13 18:32:47,330: INFO/MainProcess] Received task: core.tasks.every_10_sec[3d7ec2e1-ceec-4208-b655-18a5ec3f16b7]  
[2020-11-13 18:32:47,330: INFO/ForkPoolWorker-2] Task core.tasks.every_30_sec[c3324d3e-50ad-44e0-ba0e-cba419e51902] succeeded in 0.0073428999999123334s: 83
[2020-11-13 18:32:47,332: INFO/MainProcess] Received task: core.tasks.every_10_sec[c037c2a3-e8da-4665-8311-dd032125347b]  
[2020-11-13 18:32:47,333: INFO/ForkPoolWorker-1] core.tasks.every_10_sec[6311794b-9203-493e-bd5b-5b35340cf24e]: Run every 10sec methods
[2020-11-13 18:32:47,331: INFO/ForkPoolWorker-4] Task core.tasks.every_10_sec[2fe183ed-966f-4ed8-8fdd-ad7291410432] succeeded in 0.006959499999993568s: 113
[2020-11-13 18:32:47,333: INFO/MainProcess] Received task: core.tasks.every_30_sec[86229d4c-3d02-42cf-a096-41fecedddecf]  
[2020-11-13 18:32:47,333: INFO/ForkPoolWorker-3] core.tasks.every_10_sec[00d25e0d-4589-4b8f-88e4-5cc14640b092]: Run every 10sec methods
[2020-11-13 18:32:47,333: INFO/ForkPoolWorker-1] core.tasks.every_10_sec[6311794b-9203-493e-bd5b-5b35340cf24e]: result: 68
[2020-11-13 18:32:47,334: INFO/ForkPoolWorker-3] core.tasks.every_10_sec[00d25e0d-4589-4b8f-88e4-5cc14640b092]: result: 136
[2020-11-13 18:32:47,335: INFO/ForkPoolWorker-1] Task core.tasks.every_10_sec[6311794b-9203-493e-bd5b-5b35340cf24e] succeeded in 0.0022417999998651794s: 68
[2020-11-13 18:32:47,335: INFO/ForkPoolWorker-3] Task core.tasks.every_10_sec[00d25e0d-4589-4b8f-88e4-5cc14640b092] succeeded in 0.002539000000069791s: 136
[2020-11-13 18:32:47,335: INFO/MainProcess] Received task: core.tasks.every_10_sec[a3f2851c-f56f-40eb-a973-1c449f480ad8]  
[2020-11-13 18:32:47,339: INFO/ForkPoolWorker-1] core.tasks.every_30_sec[37b4cc4c-2799-4a34-910e-fed06e6b16b4]: Run every 30sec methods
[2020-11-13 18:32:47,339: INFO/ForkPoolWorker-3] core.tasks.every_10_sec[534e8366-66af-471d-ad88-19c2bef71274]: Run every 10sec methods
[2020-11-13 18:32:47,339: INFO/ForkPoolWorker-4] core.tasks.every_10_sec[2de0aa5f-6adf-4e41-9734-afaa58f60bdd]: Run every 10sec methods
[2020-11-13 18:32:47,340: INFO/ForkPoolWorker-1] core.tasks.every_30_sec[37b4cc4c-2799-4a34-910e-fed06e6b16b4]: result: 61
[2020-11-13 18:32:47,340: INFO/ForkPoolWorker-3] core.tasks.every_10_sec[534e8366-66af-471d-ad88-19c2bef71274]: result: 158
[2020-11-13 18:32:47,340: INFO/MainProcess] Received task: core.tasks.every_10_sec[f8188d8f-fade-4d64-85a4-0b724c413be2]  
[2020-11-13 18:32:47,341: INFO/ForkPoolWorker-4] core.tasks.every_10_sec[2de0aa5f-6adf-4e41-9734-afaa58f60bdd]: result: 174
[2020-11-13 18:32:47,342: INFO/ForkPoolWorker-3] Task core.tasks.every_10_sec[534e8366-66af-471d-ad88-19c2bef71274] succeeded in 0.002827199999956065s: 158
[2020-11-13 18:32:47,341: INFO/ForkPoolWorker-2] core.tasks.every_10_sec[07b1a4f4-90b8-4e4d-addf-208a97c95bd7]: Run every 10sec methods
[2020-11-13 18:32:47,342: INFO/ForkPoolWorker-1] Task core.tasks.every_30_sec[37b4cc4c-2799-4a34-910e-fed06e6b16b4] succeeded in 0.0028583999996953935s: 61
[2020-11-13 18:32:47,342: INFO/ForkPoolWorker-4] Task core.tasks.every_10_sec[2de0aa5f-6adf-4e41-9734-afaa58f60bdd] succeeded in 0.003001899999617308s: 174
[2020-11-13 18:32:47,343: INFO/ForkPoolWorker-2] core.tasks.every_10_sec[07b1a4f4-90b8-4e4d-addf-208a97c95bd7]: result: 127
[2020-11-13 18:32:47,343: INFO/MainProcess] Received task: core.tasks.every_10_sec[6c7a7a32-75c2-47d4-be04-9f51ca92d7f0]  
[2020-11-13 18:32:47,344: INFO/ForkPoolWorker-2] Task core.tasks.every_10_sec[07b1a4f4-90b8-4e4d-addf-208a97c95bd7] succeeded in 0.003045099999781087s: 127
[2020-11-13 18:32:47,346: INFO/MainProcess] Received task: core.tasks.every_30_sec[4cf2cc08-8b2b-4a20-8696-3fd22db1f363]  
[2020-11-13 18:32:47,347: INFO/MainProcess] Received task: core.tasks.every_10_sec[e8b660b9-7750-4997-b31f-a20b67a84108]  
[2020-11-13 18:32:47,349: INFO/ForkPoolWorker-2] core.tasks.every_10_sec[401b19ed-2a6c-43d4-9375-4c57f8817e3b]: Run every 10sec methods
[2020-11-13 18:32:47,349: INFO/ForkPoolWorker-1] core.tasks.every_30_sec[ddb57a8d-8a34-4461-b003-2f3a962afa1b]: Run every 30sec methods
[2020-11-13 18:32:47,349: INFO/MainProcess] Received task: core.tasks.every_10_sec[8d3bde28-f954-4354-9bc1-7e51c9e85851]  
[2020-11-13 18:32:47,349: INFO/ForkPoolWorker-3] core.tasks.every_10_sec[cf9da774-7dc5-400e-9d2f-010e8c610b9f]: Run every 10sec methods
[2020-11-13 18:32:47,349: INFO/ForkPoolWorker-4] core.tasks.every_10_sec[d11aa4ba-1902-4fbc-a877-1cd7c2eda9c1]: Run every 10sec methods
[2020-11-13 18:32:47,350: INFO/ForkPoolWorker-2] core.tasks.every_10_sec[401b19ed-2a6c-43d4-9375-4c57f8817e3b]: result: 77
[2020-11-13 18:32:47,350: INFO/ForkPoolWorker-1] core.tasks.every_30_sec[ddb57a8d-8a34-4461-b003-2f3a962afa1b]: result: 58
[2020-11-13 18:32:47,350: INFO/MainProcess] Received task: core.tasks.every_10_sec[a8676c19-0b93-46a8-b74d-eae7c98f8782]  
[2020-11-13 18:32:47,350: INFO/ForkPoolWorker-3] core.tasks.every_10_sec[cf9da774-7dc5-400e-9d2f-010e8c610b9f]: result: 117
[2020-11-13 18:32:47,351: INFO/ForkPoolWorker-4] core.tasks.every_10_sec[d11aa4ba-1902-4fbc-a877-1cd7c2eda9c1]: result: 50
[2020-11-13 18:32:47,351: INFO/ForkPoolWorker-2] Task core.tasks.every_10_sec[401b19ed-2a6c-43d4-9375-4c57f8817e3b] succeeded in 0.002374799999870447s: 77
[2020-11-13 18:32:47,351: INFO/ForkPoolWorker-1] Task core.tasks.every_30_sec[ddb57a8d-8a34-4461-b003-2f3a962afa1b] succeeded in 0.00280960000009145s: 58
[2020-11-13 18:32:47,351: INFO/ForkPoolWorker-3] Task core.tasks.every_10_sec[cf9da774-7dc5-400e-9d2f-010e8c610b9f] succeeded in 0.0029171999999562104s: 117
[2020-11-13 18:32:47,352: INFO/ForkPoolWorker-4] Task core.tasks.every_10_sec[d11aa4ba-1902-4fbc-a877-1cd7c2eda9c1] succeeded in 0.0026325999997425242s: 50
[2020-11-13 18:32:47,354: INFO/MainProcess] Received task: core.tasks.every_30_sec[34c69651-b41d-4075-be89-f0c75ac8d669]  
[2020-11-13 18:32:47,355: INFO/ForkPoolWorker-3] core.tasks.every_10_sec[f798e9e3-8d5f-47ae-b100-c7afb902147b]: Run every 10sec methods
[2020-11-13 18:32:47,355: INFO/ForkPoolWorker-1] core.tasks.every_30_sec[b2fdb33e-7ac6-40f9-a430-5e7a30cd39db]: Run every 30sec methods
[2020-11-13 18:32:47,355: INFO/ForkPoolWorker-2] core.tasks.every_10_sec[3d7ec2e1-ceec-4208-b655-18a5ec3f16b7]: Run every 10sec methods
[2020-11-13 18:32:47,356: INFO/MainProcess] Received task: core.tasks.every_10_sec[26d64585-1ee2-4eac-a178-f75774ddc59b]  
[2020-11-13 18:32:47,356: INFO/ForkPoolWorker-1] core.tasks.every_30_sec[b2fdb33e-7ac6-40f9-a430-5e7a30cd39db]: result: 141
[2020-11-13 18:32:47,356: INFO/ForkPoolWorker-3] core.tasks.every_10_sec[f798e9e3-8d5f-47ae-b100-c7afb902147b]: result: 122
[2020-11-13 18:32:47,357: INFO/ForkPoolWorker-4] core.tasks.every_10_sec[c037c2a3-e8da-4665-8311-dd032125347b]: Run every 10sec methods
[2020-11-13 18:32:47,357: INFO/ForkPoolWorker-1] Task core.tasks.every_30_sec[b2fdb33e-7ac6-40f9-a430-5e7a30cd39db] succeeded in 0.0021490999997695326s: 141
[2020-11-13 18:32:47,357: INFO/ForkPoolWorker-2] core.tasks.every_10_sec[3d7ec2e1-ceec-4208-b655-18a5ec3f16b7]: result: 160
[2020-11-13 18:32:47,358: INFO/ForkPoolWorker-3] Task core.tasks.every_10_sec[f798e9e3-8d5f-47ae-b100-c7afb902147b] succeeded in 0.002498999999716034s: 122
[2020-11-13 18:32:47,358: INFO/ForkPoolWorker-4] core.tasks.every_10_sec[c037c2a3-e8da-4665-8311-dd032125347b]: result: 113
[2020-11-13 18:32:47,358: INFO/MainProcess] Received task: core.tasks.every_10_sec[dd048deb-7a48-4703-972e-eb15214be770]  
[2020-11-13 18:32:47,358: INFO/ForkPoolWorker-2] Task core.tasks.every_10_sec[3d7ec2e1-ceec-4208-b655-18a5ec3f16b7] succeeded in 0.0031695000002400775s: 160
[2020-11-13 18:32:47,359: INFO/ForkPoolWorker-4] Task core.tasks.every_10_sec[c037c2a3-e8da-4665-8311-dd032125347b] succeeded in 0.0025559999999131833s: 113
[2020-11-13 18:32:47,360: INFO/MainProcess] Received task: core.tasks.every_10_sec[b73b2d15-1706-409c-8e28-e6684175dbf7]  
[2020-11-13 18:32:47,362: INFO/MainProcess] Received task: core.tasks.every_30_sec[0656474d-348a-422c-ae7a-eebaa979cf03]  
[2020-11-13 18:32:47,363: INFO/MainProcess] Received task: core.tasks.every_10_sec[d24d1b13-d4f2-4848-8649-a5913e908379]  
[2020-11-13 18:32:47,364: INFO/ForkPoolWorker-1] core.tasks.every_30_sec[86229d4c-3d02-42cf-a096-41fecedddecf]: Run every 30sec methods
[2020-11-13 18:32:47,364: INFO/ForkPoolWorker-2] core.tasks.every_10_sec[f8188d8f-fade-4d64-85a4-0b724c413be2]: Run every 10sec methods
[2020-11-13 18:32:47,365: INFO/MainProcess] Received task: core.tasks.every_10_sec[561b5540-e54f-4aa9-89cc-bda509eb727d]  
[2020-11-13 18:32:47,364: INFO/ForkPoolWorker-3] core.tasks.every_10_sec[a3f2851c-f56f-40eb-a973-1c449f480ad8]: Run every 10sec methods
[2020-11-13 18:32:47,365: INFO/ForkPoolWorker-4] core.tasks.every_10_sec[6c7a7a32-75c2-47d4-be04-9f51ca92d7f0]: Run every 10sec methods
[2020-11-13 18:32:47,365: INFO/ForkPoolWorker-1] core.tasks.every_30_sec[86229d4c-3d02-42cf-a096-41fecedddecf]: result: 69
[2020-11-13 18:32:47,365: INFO/ForkPoolWorker-2] core.tasks.every_10_sec[f8188d8f-fade-4d64-85a4-0b724c413be2]: result: 74
[2020-11-13 18:32:47,366: INFO/ForkPoolWorker-3] core.tasks.every_10_sec[a3f2851c-f56f-40eb-a973-1c449f480ad8]: result: 77
[2020-11-13 18:32:47,366: INFO/MainProcess] Received task: core.tasks.every_10_sec[8c5d6234-e14a-4531-996e-01912c4e6ce7]  
[2020-11-13 18:32:47,366: INFO/ForkPoolWorker-4] core.tasks.every_10_sec[6c7a7a32-75c2-47d4-be04-9f51ca92d7f0]: result: 74
